This is pdfTeX, Version 3.141592653-2.6-1.40.28 (MiKTeX 25.12) (preloaded format=pdflatex 2026.5.6)  25 JUN 2026 09:29
entering extended mode
 restricted \write18 enabled.
 file:line:error style messages enabled.
 %&-line parsing enabled.
**c:/Users/chira/Desktop/idp/Project-Report-Template-main/New_IDP_Report.tex
(c:/Users/chira/Desktop/idp/Project-Report-Template-main/New_IDP_Report.tex
LaTeX2e <2025-11-01>
L3 programming layer <2025-12-24>
(C:\Users\chira\AppData\Local\Programs\MiKTeX\tex/latex/base\book.cls
Document Class: book 2025/01/22 v1.4n Standard LaTeX document class
(C:\Users\chira\AppData\Local\Programs\MiKTeX\tex/latex/base\bk12.clo
File: bk12.clo 2025/01/22 v1.4n Standard LaTeX file (size option)
)
\c@part=\count275
\c@chapter=\count276
\c@section=\count277
\c@subsection=\count278
\c@subsubsection=\count279
\c@paragraph=\count280
\c@subparagraph=\count281
\c@figure=\count282
\c@table=\count283
\abovecaptionskip=\skip49
\belowcaptionskip=\skip50
\bibindent=\dimen148
) (AuxFiles/Packages.tex (C:\Users\chira\AppData\Local\Programs\MiKTeX\tex/latex/microtype\microtype.sty
Package: microtype 2026/03/01 v3.2d Micro-typographical refinements (RS)
 (C:\Users\chira\AppData\Local\Programs\MiKTeX\tex/latex/graphics\keyval.sty
Package: keyval 2022/05/29 v1.15 key=value parser (DPC)
\KV@toks@=\toks17
) (C:\Users\chira\AppData\Local\Programs\MiKTeX\tex/latex/etoolbox\etoolbox.sty
Package: etoolbox 2025/10/02 v2.5m e-TeX tools for LaTeX (JAW)
\etb@tempcnta=\count284
)
\MT@toks=\toks18
\MT@tempbox=\box53
\MT@count=\count285
LaTeX Info: Redefining \noprotrusionifhmode on input line 1084.
LaTeX Info: Redefining \leftprotrusion on input line 1085.
\MT@prot@toks=\toks19
LaTeX Info: Redefining \rightprotrusion on input line 1104.
LaTeX Info: Redefining \textls on input line 1449.
\MT@outer@kern=\dimen149
LaTeX Info: Redefining \microtypecontext on input line 2053.
LaTeX Info: Redefining \textmicrotypecontext on input line 2070.
\MT@listname@count=\count286
 (C:\Users\chira\AppData\Local\Programs\MiKTeX\tex/latex/microtype\microtype-pdftex.def
File: microtype-pdftex.def 2026/03/01 v3.2d Definitions specific to pdftex (RS)
LaTeX Info: Redefining \lsstyle on input line 944.
LaTeX Info: Redefining \lslig on input line 944.
\MT@outer@space=\skip51
)
Package microtype Info: Loading configuration file microtype.cfg.
 (C:\Users\chira\AppData\Local\Programs\MiKTeX\tex/latex/microtype\microtype.cfg
File: microtype.cfg 2026/03/01 v3.2d microtype main configuration file (RS)
)
LaTeX Info: Redefining \microtypesetup on input line 3065.
) (ecproject.sty
Package: ecproject 2026/01/17 v.3.9 an project report package for RVCE
 (C:\Users\chira\AppData\Local\Programs\MiKTeX\tex/latex/graphics\graphicx.sty
Package: graphicx 2024/12/31 v1.2e Enhanced LaTeX Graphics (DPC,SPQR)
 (C:\Users\chira\AppData\Local\Programs\MiKTeX\tex/latex/graphics\graphics.sty
Package: graphics 2024/08/06 v1.4g Standard LaTeX Graphics (DPC,SPQR)
 (C:\Users\chira\AppData\Local\Programs\MiKTeX\tex/latex/graphics\trig.sty
Package: trig 2023/12/02 v1.11 sin cos tan (DPC)
) (C:\Users\chira\AppData\Local\Programs\MiKTeX\tex/latex/graphics-cfg\graphics.cfg
File: graphics.cfg 2016/06/04 v1.11 sample graphics configuration
)
Package graphics Info: Driver file: pdftex.def on input line 106.
 (C:\Users\chira\AppData\Local\Programs\MiKTeX\tex/latex/graphics-def\pdftex.def
File: pdftex.def 2025/09/29 v1.2d Graphics/color driver for pdftex
))
\Gin@req@height=\dimen150
\Gin@req@width=\dimen151
) (C:\Users\chira\AppData\Local\Programs\MiKTeX\tex/latex/pgf/frontendlayer\tikz.sty (C:\Users\chira\AppData\Local\Programs\MiKTeX\tex/latex/pgf/basiclayer\pgf.sty (C:\Users\chira\AppData\Local\Programs\MiKTeX\tex/latex/pgf/utilities\pgfrcs.sty (C:\Users\chira\AppData\Local\Programs\MiKTeX\tex/generic/pgf/utilities\pgfutil-common.tex
\pgfutil@everybye=\toks20
\pgfutil@tempdima=\dimen152
\pgfutil@tempdimb=\dimen153
) (C:\Users\chira\AppData\Local\Programs\MiKTeX\tex/generic/pgf/utilities\pgfutil-latex.def
\pgfutil@abb=\box54
) (C:\Users\chira\AppData\Local\Programs\MiKTeX\tex/generic/pgf/utilities\pgfrcs.code.tex (C:\Users\chira\AppData\Local\Programs\MiKTeX\tex/generic/pgf\pgf.revision.tex)
Package: pgfrcs 2025-08-29 v3.1.11a (3.1.11a)
))
Package: pgf 2025-08-29 v3.1.11a (3.1.11a)
 (C:\Users\chira\AppData\Local\Programs\MiKTeX\tex/latex/pgf/basiclayer\pgfcore.sty (C:\Users\chira\AppData\Local\Programs\MiKTeX\tex/latex/pgf/systemlayer\pgfsys.sty (C:\Users\chira\AppData\Local\Programs\MiKTeX\tex/generic/pgf/systemlayer\pgfsys.code.tex
Package: pgfsys 2025-08-29 v3.1.11a (3.1.11a)
 (C:\Users\chira\AppData\Local\Programs\MiKTeX\tex/generic/pgf/utilities\pgfkeys.code.tex
\pgfkeys@pathtoks=\toks21
\pgfkeys@temptoks=\toks22
 (C:\Users\chira\AppData\Local\Programs\MiKTeX\tex/generic/pgf/utilities\pgfkeyslibraryfiltered.code.tex
\pgfkeys@tmptoks=\toks23
))
\pgf@x=\dimen154
\pgf@y=\dimen155
\pgf@xa=\dimen156
\pgf@ya=\dimen157
\pgf@xb=\dimen158
\pgf@yb=\dimen159
\pgf@xc=\dimen160
\pgf@yc=\dimen161
\pgf@xd=\dimen162
\pgf@yd=\dimen163
\w@pgf@writea=\write3
\r@pgf@reada=\read2
\c@pgf@counta=\count287
\c@pgf@countb=\count288
\c@pgf@countc=\count289
\c@pgf@countd=\count290
\t@pgf@toka=\toks24
\t@pgf@tokb=\toks25
\t@pgf@tokc=\toks26
\pgf@sys@id@count=\count291
 (C:\Users\chira\AppData\Local\Programs\MiKTeX\tex/generic/pgf/systemlayer\pgf.cfg
File: pgf.cfg 2025-08-29 v3.1.11a (3.1.11a)
)
Driver file for pgf: pgfsys-pdftex.def
 (C:\Users\chira\AppData\Local\Programs\MiKTeX\tex/generic/pgf/systemlayer\pgfsys-pdftex.def
File: pgfsys-pdftex.def 2025-08-29 v3.1.11a (3.1.11a)
 (C:\Users\chira\AppData\Local\Programs\MiKTeX\tex/generic/pgf/systemlayer\pgfsys-common-pdf.def
File: pgfsys-common-pdf.def 2025-08-29 v3.1.11a (3.1.11a)
))) (C:\Users\chira\AppData\Local\Programs\MiKTeX\tex/generic/pgf/systemlayer\pgfsyssoftpath.code.tex
File: pgfsyssoftpath.code.tex 2025-08-29 v3.1.11a (3.1.11a)
\pgfsyssoftpath@smallbuffer@items=\count292
\pgfsyssoftpath@bigbuffer@items=\count293
) (C:\Users\chira\AppData\Local\Programs\MiKTeX\tex/generic/pgf/systemlayer\pgfsysprotocol.code.tex
File: pgfsysprotocol.code.tex 2025-08-29 v3.1.11a (3.1.11a)
)) (C:\Users\chira\AppData\Local\Programs\MiKTeX\tex/latex/xcolor\xcolor.sty
Package: xcolor 2024/09/29 v3.02 LaTeX color extensions (UK)
 (C:\Users\chira\AppData\Local\Programs\MiKTeX\tex/latex/graphics-cfg\color.cfg
File: color.cfg 2016/01/02 v1.6 sample color configuration
)
Package xcolor Info: Driver file: pdftex.def on input line 274.
 (C:\Users\chira\AppData\Local\Programs\MiKTeX\tex/latex/graphics\mathcolor.ltx)
Package xcolor Info: Model `cmy' substituted by `cmy0' on input line 1349.
Package xcolor Info: Model `hsb' substituted by `rgb' on input line 1353.
Package xcolor Info: Model `RGB' extended on input line 1365.
Package xcolor Info: Model `HTML' substituted by `rgb' on input line 1367.
Package xcolor Info: Model `Hsb' substituted by `hsb' on input line 1368.
Package xcolor Info: Model `tHsb' substituted by `hsb' on input line 1369.
Package xcolor Info: Model `HSB' substituted by `hsb' on input line 1370.
Package xcolor Info: Model `Gray' substituted by `gray' on input line 1371.
Package xcolor Info: Model `wave' substituted by `hsb' on input line 1372.
) (C:\Users\chira\AppData\Local\Programs\MiKTeX\tex/generic/pgf/basiclayer\pgfcore.code.tex
Package: pgfcore 2025-08-29 v3.1.11a (3.1.11a)
 (C:\Users\chira\AppData\Local\Programs\MiKTeX\tex/generic/pgf/math\pgfmath.code.tex (C:\Users\chira\AppData\Local\Programs\MiKTeX\tex/generic/pgf/math\pgfmathutil.code.tex) (C:\Users\chira\AppData\Local\Programs\MiKTeX\tex/generic/pgf/math\pgfmathparser.code.tex
\pgfmath@dimen=\dimen164
\pgfmath@count=\count294
\pgfmath@box=\box55
\pgfmath@toks=\toks27
\pgfmath@stack@operand=\toks28
\pgfmath@stack@operation=\toks29
) (C:\Users\chira\AppData\Local\Programs\MiKTeX\tex/generic/pgf/math\pgfmathfunctions.code.tex) (C:\Users\chira\AppData\Local\Programs\MiKTeX\tex/generic/pgf/math\pgfmathfunctions.basic.code.tex) (C:\Users\chira\AppData\Local\Programs\MiKTeX\tex/generic/pgf/math\pgfmathfunctions.trigonometric.code.tex) (C:\Users\chira\AppData\Local\Programs\MiKTeX\tex/generic/pgf/math\pgfmathfunctions.random.code.tex) (C:\Users\chira\AppData\Local\Programs\MiKTeX\tex/generic/pgf/math\pgfmathfunctions.comparison.code.tex) (C:\Users\chira\AppData\Local\Programs\MiKTeX\tex/generic/pgf/math\pgfmathfunctions.base.code.tex) (C:\Users\chira\AppData\Local\Programs\MiKTeX\tex/generic/pgf/math\pgfmathfunctions.round.code.tex) (C:\Users\chira\AppData\Local\Programs\MiKTeX\tex/generic/pgf/math\pgfmathfunctions.misc.code.tex) (C:\Users\chira\AppData\Local\Programs\MiKTeX\tex/generic/pgf/math\pgfmathfunctions.integerarithmetics.code.tex) (C:\Users\chira\AppData\Local\Programs\MiKTeX\tex/generic/pgf/math\pgfmathcalc.code.tex) (C:\Users\chira\AppData\Local\Programs\MiKTeX\tex/generic/pgf/math\pgfmathfloat.code.tex
\c@pgfmathroundto@lastzeros=\count295
)) (C:\Users\chira\AppData\Local\Programs\MiKTeX\tex/generic/pgf/math\pgfint.code.tex) (C:\Users\chira\AppData\Local\Programs\MiKTeX\tex/generic/pgf/basiclayer\pgfcorepoints.code.tex
File: pgfcorepoints.code.tex 2025-08-29 v3.1.11a (3.1.11a)
\pgf@picminx=\dimen165
\pgf@picmaxx=\dimen166
\pgf@picminy=\dimen167
\pgf@picmaxy=\dimen168
\pgf@pathminx=\dimen169
\pgf@pathmaxx=\dimen170
\pgf@pathminy=\dimen171
\pgf@pathmaxy=\dimen172
\pgf@xx=\dimen173
\pgf@xy=\dimen174
\pgf@yx=\dimen175
\pgf@yy=\dimen176
\pgf@zx=\dimen177
\pgf@zy=\dimen178
) (C:\Users\chira\AppData\Local\Programs\MiKTeX\tex/generic/pgf/basiclayer\pgfcorepathconstruct.code.tex
File: pgfcorepathconstruct.code.tex 2025-08-29 v3.1.11a (3.1.11a)
\pgf@path@lastx=\dimen179
\pgf@path@lasty=\dimen180
) (C:\Users\chira\AppData\Local\Programs\MiKTeX\tex/generic/pgf/basiclayer\pgfcorepathusage.code.tex
File: pgfcorepathusage.code.tex 2025-08-29 v3.1.11a (3.1.11a)
\pgf@shorten@end@additional=\dimen181
\pgf@shorten@start@additional=\dimen182
) (C:\Users\chira\AppData\Local\Programs\MiKTeX\tex/generic/pgf/basiclayer\pgfcorescopes.code.tex
File: pgfcorescopes.code.tex 2025-08-29 v3.1.11a (3.1.11a)
\pgfpic=\box56
\pgf@hbox=\box57
\pgf@layerbox@main=\box58
\pgf@picture@serial@count=\count296
) (C:\Users\chira\AppData\Local\Programs\MiKTeX\tex/generic/pgf/basiclayer\pgfcoregraphicstate.code.tex
File: pgfcoregraphicstate.code.tex 2025-08-29 v3.1.11a (3.1.11a)
\pgflinewidth=\dimen183
) (C:\Users\chira\AppData\Local\Programs\MiKTeX\tex/generic/pgf/basiclayer\pgfcoretransformations.code.tex
File: pgfcoretransformations.code.tex 2025-08-29 v3.1.11a (3.1.11a)
\pgf@pt@x=\dimen184
\pgf@pt@y=\dimen185
\pgf@pt@temp=\dimen186
) (C:\Users\chira\AppData\Local\Programs\MiKTeX\tex/generic/pgf/basiclayer\pgfcorequick.code.tex
File: pgfcorequick.code.tex 2025-08-29 v3.1.11a (3.1.11a)
) (C:\Users\chira\AppData\Local\Programs\MiKTeX\tex/generic/pgf/basiclayer\pgfcoreobjects.code.tex
File: pgfcoreobjects.code.tex 2025-08-29 v3.1.11a (3.1.11a)
) (C:\Users\chira\AppData\Local\Programs\MiKTeX\tex/generic/pgf/basiclayer\pgfcorepathprocessing.code.tex
File: pgfcorepathprocessing.code.tex 2025-08-29 v3.1.11a (3.1.11a)
) (C:\Users\chira\AppData\Local\Programs\MiKTeX\tex/generic/pgf/basiclayer\pgfcorearrows.code.tex
File: pgfcorearrows.code.tex 2025-08-29 v3.1.11a (3.1.11a)
\pgfarrowsep=\dimen187
) (C:\Users\chira\AppData\Local\Programs\MiKTeX\tex/generic/pgf/basiclayer\pgfcoreshade.code.tex
File: pgfcoreshade.code.tex 2025-08-29 v3.1.11a (3.1.11a)
\pgf@max=\dimen188
\pgf@sys@shading@range@num=\count297
\pgf@shadingcount=\count298
) (C:\Users\chira\AppData\Local\Programs\MiKTeX\tex/generic/pgf/basiclayer\pgfcoreimage.code.tex
File: pgfcoreimage.code.tex 2025-08-29 v3.1.11a (3.1.11a)
) (C:\Users\chira\AppData\Local\Programs\MiKTeX\tex/generic/pgf/basiclayer\pgfcoreexternal.code.tex
File: pgfcoreexternal.code.tex 2025-08-29 v3.1.11a (3.1.11a)
\pgfexternal@startupbox=\box59
) (C:\Users\chira\AppData\Local\Programs\MiKTeX\tex/generic/pgf/basiclayer\pgfcorelayers.code.tex
File: pgfcorelayers.code.tex 2025-08-29 v3.1.11a (3.1.11a)
) (C:\Users\chira\AppData\Local\Programs\MiKTeX\tex/generic/pgf/basiclayer\pgfcoretransparency.code.tex
File: pgfcoretransparency.code.tex 2025-08-29 v3.1.11a (3.1.11a)
) (C:\Users\chira\AppData\Local\Programs\MiKTeX\tex/generic/pgf/basiclayer\pgfcorepatterns.code.tex
File: pgfcorepatterns.code.tex 2025-08-29 v3.1.11a (3.1.11a)
) (C:\Users\chira\AppData\Local\Programs\MiKTeX\tex/generic/pgf/basiclayer\pgfcorerdf.code.tex
File: pgfcorerdf.code.tex 2025-08-29 v3.1.11a (3.1.11a)
))) (C:\Users\chira\AppData\Local\Programs\MiKTeX\tex/generic/pgf/modules\pgfmoduleshapes.code.tex
File: pgfmoduleshapes.code.tex 2025-08-29 v3.1.11a (3.1.11a)
\pgfnodeparttextbox=\box60
) (C:\Users\chira\AppData\Local\Programs\MiKTeX\tex/generic/pgf/modules\pgfmoduleplot.code.tex
File: pgfmoduleplot.code.tex 2025-08-29 v3.1.11a (3.1.11a)
) (C:\Users\chira\AppData\Local\Programs\MiKTeX\tex/latex/pgf/compatibility\pgfcomp-version-0-65.sty
Package: pgfcomp-version-0-65 2025-08-29 v3.1.11a (3.1.11a)
\pgf@nodesepstart=\dimen189
\pgf@nodesepend=\dimen190
) (C:\Users\chira\AppData\Local\Programs\MiKTeX\tex/latex/pgf/compatibility\pgfcomp-version-1-18.sty
Package: pgfcomp-version-1-18 2025-08-29 v3.1.11a (3.1.11a)
)) (C:\Users\chira\AppData\Local\Programs\MiKTeX\tex/latex/pgf/utilities\pgffor.sty (C:\Users\chira\AppData\Local\Programs\MiKTeX\tex/latex/pgf/utilities\pgfkeys.sty (C:\Users\chira\AppData\Local\Programs\MiKTeX\tex/generic/pgf/utilities\pgfkeys.code.tex)) (C:\Users\chira\AppData\Local\Programs\MiKTeX\tex/latex/pgf/math\pgfmath.sty (C:\Users\chira\AppData\Local\Programs\MiKTeX\tex/generic/pgf/math\pgfmath.code.tex)) (C:\Users\chira\AppData\Local\Programs\MiKTeX\tex/generic/pgf/utilities\pgffor.code.tex
Package: pgffor 2025-08-29 v3.1.11a (3.1.11a)
\pgffor@iter=\dimen191
\pgffor@skip=\dimen192
\pgffor@stack=\toks30
\pgffor@toks=\toks31
)) (C:\Users\chira\AppData\Local\Programs\MiKTeX\tex/generic/pgf/frontendlayer/tikz\tikz.code.tex
Package: tikz 2025-08-29 v3.1.11a (3.1.11a)
 (C:\Users\chira\AppData\Local\Programs\MiKTeX\tex/generic/pgf/libraries\pgflibraryplothandlers.code.tex
File: pgflibraryplothandlers.code.tex 2025-08-29 v3.1.11a (3.1.11a)
\pgf@plot@mark@count=\count299
\pgfplotmarksize=\dimen193
)
\tikz@lastx=\dimen194
\tikz@lasty=\dimen195
\tikz@lastxsaved=\dimen196
\tikz@lastysaved=\dimen197
\tikz@lastmovetox=\dimen198
\tikz@lastmovetoy=\dimen199
\tikzleveldistance=\dimen256
\tikzsiblingdistance=\dimen257
\tikz@figbox=\box61
\tikz@figbox@bg=\box62
\tikz@tempbox=\box63
\tikz@tempbox@bg=\box64
\tikztreelevel=\count300
\tikznumberofchildren=\count301
\tikznumberofcurrentchild=\count302
\tikz@fig@count=\count303
 (C:\Users\chira\AppData\Local\Programs\MiKTeX\tex/generic/pgf/modules\pgfmodulematrix.code.tex
File: pgfmodulematrix.code.tex 2025-08-29 v3.1.11a (3.1.11a)
\pgfmatrixcurrentrow=\count304
\pgfmatrixcurrentcolumn=\count305
\pgf@matrix@numberofcolumns=\count306
)
\tikz@expandcount=\count307
 (C:\Users\chira\AppData\Local\Programs\MiKTeX\tex/generic/pgf/frontendlayer/tikz/libraries\tikzlibrarytopaths.code.tex
File: tikzlibrarytopaths.code.tex 2025-08-29 v3.1.11a (3.1.11a)
))) (C:\Users\chira\AppData\Local\Programs\MiKTeX\tex/latex/xifthen\xifthen.sty
Package: xifthen 2015/11/05 v1.4.0 Extended ifthen features
 (C:\Users\chira\AppData\Local\Programs\MiKTeX\tex/latex/tools\calc.sty
Package: calc 2025/03/01 v4.3b Infix arithmetic (KKT,FJ)
\calc@Acount=\count308
\calc@Bcount=\count309
\calc@Adimen=\dimen258
\calc@Bdimen=\dimen259
\calc@Askip=\skip52
\calc@Bskip=\skip53
LaTeX Info: Redefining \setlength on input line 86.
LaTeX Info: Redefining \addtolength on input line 87.
\calc@Ccount=\count310
\calc@Cskip=\skip54
) (C:\Users\chira\AppData\Local\Programs\MiKTeX\tex/latex/base\ifthen.sty
Package: ifthen 2024/03/16 v1.1e Standard LaTeX ifthen package (DPC)
) (C:\Users\chira\AppData\Local\Programs\MiKTeX\tex/latex/ifmtarg\ifmtarg.sty
Package: ifmtarg 2018/04/16 v1.2b check for an empty argument
)) (C:\Users\chira\AppData\Local\Programs\MiKTeX\tex/latex/fancyhdr\fancyhdr.sty
Package: fancyhdr 2025/02/07 v5.2 Extensive control of page headers and footers
\f@nch@headwidth=\skip55
\f@nch@offset@elh=\skip56
\f@nch@offset@erh=\skip57
\f@nch@offset@olh=\skip58
\f@nch@offset@orh=\skip59
\f@nch@offset@elf=\skip60
\f@nch@offset@erf=\skip61
\f@nch@offset@olf=\skip62
\f@nch@offset@orf=\skip63
\f@nch@height=\skip64
\f@nch@footalignment=\skip65
\f@nch@widthL=\skip66
\f@nch@widthC=\skip67
\f@nch@widthR=\skip68
\@temptokenb=\toks32
) (C:\Users\chira\AppData\Local\Programs\MiKTeX\tex/latex/qrcode\qrcode.sty
Package: qrcode 2015/01/08 v1.51 QR code generation
 (C:\Users\chira\AppData\Local\Programs\MiKTeX\tex/latex/xkeyval\xkeyval.sty
Package: xkeyval 2022/06/16 v2.9 package option processing (HA)
 (C:\Users\chira\AppData\Local\Programs\MiKTeX\tex/generic/xkeyval\xkeyval.tex (C:\Users\chira\AppData\Local\Programs\MiKTeX\tex/generic/xkeyval\xkvutils.tex
\XKV@toks=\toks33
\XKV@tempa@toks=\toks34
)
\XKV@depth=\count311
File: xkeyval.tex 2014/12/03 v2.7a key=value parser (HA)
))
\c@qr@i=\count312
\c@qr@j=\count313
\qr@a=\count314
\qr@b=\count315
\qr@c=\count316
\qr@for@depth=\count317
\qr@for@maxdepth=\count318
\qr@for@start=\count319
\qr@for@end=\count320
\qr@for@step=\count321
\qr@newforcount=\count322
\qr@newforcount=\count323
\qr@desiredheight=\skip69
\qr@modulesize=\skip70
\qr@minipagewidth=\skip71
\c@maski=\count324
\c@maskj=\count325
\c@totalones=\count326
\c@penaltyi=\count327
\c@penaltyii=\count328
\c@penaltyiii=\count329
\c@penaltyiv=\count330
\c@qr@hexchars=\count331
\qr@newforcount=\count332
\c@qr@divisionsremaining=\count333
) (C:\Users\chira\AppData\Local\Programs\MiKTeX\tex/latex/background\background.sty
Package: background 2014/03/04 v2.1 background material
 (C:\Users\chira\AppData\Local\Programs\MiKTeX\tex/latex/everypage\everypage.sty
Package: everypage 2020/10/17 R2.0b Hooks to run on every page


Package everypage Warning: Functionality similar to this package has recently
(everypage)                been implemented in LaTeX. This package is now in
(everypage)                legacy status.
(everypage)                Please, don't use it in new documents and packages.


Package everypage Warning: You appear to be running a version of LaTeX
(everypage)                providing the new functionality.
(everypage)                Doing the best to deliver the original `everypage`
(everypage)                interface on top of it. Strict equivalence is
(everypage)                not possible, breakage may occur.
(everypage)                If truly needed, Use `everypage-1x` to force the
(everypage)                loading of an older code base.

) (C:\Users\chira\AppData\Local\Programs\MiKTeX\tex/latex/tools\afterpage.sty
Package: afterpage 2023/07/04 v1.08 After-Page Package (DPC)
\AP@output=\toks35
\AP@partial=\box65
\AP@footins=\box66
))
\c@numtitlelines=\count334
\titlelines=\count335
) (C:\Users\chira\AppData\Local\Programs\MiKTeX\tex/generic/pgf/frontendlayer/tikz/libraries\tikzlibrarycalc.code.tex
File: tikzlibrarycalc.code.tex 2025-08-29 v3.1.11a (3.1.11a)
) (C:\Users\chira\AppData\Local\Programs\MiKTeX\tex/latex/geometry\geometry.sty
Package: geometry 2026/03/07 v6.0 Page Geometry
 (C:\Users\chira\AppData\Local\Programs\MiKTeX\tex/generic/iftex\ifvtex.sty
Package: ifvtex 2019/10/25 v1.7 ifvtex legacy package. Use iftex instead.
 (C:\Users\chira\AppData\Local\Programs\MiKTeX\tex/generic/iftex\iftex.sty
Package: iftex 2024/12/12 v1.0g TeX engine tests
))
\Gm@cnth=\count336
\Gm@cntv=\count337
\c@Gm@tempcnt=\count338
\Gm@bindingoffset=\dimen260
\Gm@wd@mp=\dimen261
\Gm@odd@mp=\dimen262
\Gm@even@mp=\dimen263
\Gm@layoutwidth=\dimen264
\Gm@layoutheight=\dimen265
\Gm@layouthoffset=\dimen266
\Gm@layoutvoffset=\dimen267
\Gm@dimlist=\toks36
 (C:\Users\chira\AppData\Local\Programs\MiKTeX\tex/latex/geometry\geometry.cfg)) (C:\Users\chira\AppData\Local\Programs\MiKTeX\tex/latex/float\float.sty
Package: float 2001/11/08 v1.3d Float enhancements (AL)
\c@float@type=\count339
\float@exts=\toks37
\float@box=\box67
\@float@everytoks=\toks38
\@floatcapt=\box68
) (C:\Users\chira\AppData\Local\Programs\MiKTeX\tex/latex/hyperref\hyperref.sty
Package: hyperref 2025-07-12 v7.01o Hypertext links for LaTeX
 (C:\Users\chira\AppData\Local\Programs\MiKTeX\tex/latex/kvsetkeys\kvsetkeys.sty
Package: kvsetkeys 2022-10-05 v1.19 Key value parser (HO)
) (C:\Users\chira\AppData\Local\Programs\MiKTeX\tex/generic/kvdefinekeys\kvdefinekeys.sty
Package: kvdefinekeys 2019-12-19 v1.6 Define keys (HO)
) (C:\Users\chira\AppData\Local\Programs\MiKTeX\tex/generic/pdfescape\pdfescape.sty
Package: pdfescape 2019/12/09 v1.15 Implements pdfTeX's escape features (HO)
 (C:\Users\chira\AppData\Local\Programs\MiKTeX\tex/generic/ltxcmds\ltxcmds.sty
Package: ltxcmds 2023-12-04 v1.26 LaTeX kernel commands for general use (HO)
) (C:\Users\chira\AppData\Local\Programs\MiKTeX\tex/generic/pdftexcmds\pdftexcmds.sty
Package: pdftexcmds 2020-06-27 v0.33 Utility functions of pdfTeX for LuaTeX (HO)
 (C:\Users\chira\AppData\Local\Programs\MiKTeX\tex/generic/infwarerr\infwarerr.sty
Package: infwarerr 2019/12/03 v1.5 Providing info/warning/error messages (HO)
)
Package pdftexcmds Info: \pdf@primitive is available.
Package pdftexcmds Info: \pdf@ifprimitive is available.
Package pdftexcmds Info: \pdfdraftmode found.
)) (C:\Users\chira\AppData\Local\Programs\MiKTeX\tex/latex/hycolor\hycolor.sty
Package: hycolor 2020-01-27 v1.10 Color options for hyperref/bookmark (HO)
) (C:\Users\chira\AppData\Local\Programs\MiKTeX\tex/latex/hyperref\nameref.sty
Package: nameref 2025-06-21 v2.57 Cross-referencing by name of section
 (C:\Users\chira\AppData\Local\Programs\MiKTeX\tex/latex/refcount\refcount.sty
Package: refcount 2019/12/15 v3.6 Data extraction from label references (HO)
) (C:\Users\chira\AppData\Local\Programs\MiKTeX\tex/generic/gettitlestring\gettitlestring.sty
Package: gettitlestring 2019/12/15 v1.6 Cleanup title references (HO)
 (C:\Users\chira\AppData\Local\Programs\MiKTeX\tex/latex/kvoptions\kvoptions.sty
Package: kvoptions 2022-06-15 v3.15 Key value format for package options (HO)
))
\c@section@level=\count340
) (C:\Users\chira\AppData\Local\Programs\MiKTeX\tex/generic/stringenc\stringenc.sty
Package: stringenc 2019/11/29 v1.12 Convert strings between diff. encodings (HO)
)
\@linkdim=\dimen268
\Hy@linkcounter=\count341
\Hy@pagecounter=\count342
 (C:\Users\chira\AppData\Local\Programs\MiKTeX\tex/latex/hyperref\pd1enc.def
File: pd1enc.def 2025-07-12 v7.01o Hyperref: PDFDocEncoding definition (HO)
Now handling font encoding PD1 ...
... no UTF-8 mapping file for font encoding PD1
) (C:\Users\chira\AppData\Local\Programs\MiKTeX\tex/generic/intcalc\intcalc.sty
Package: intcalc 2019/12/15 v1.3 Expandable calculations with integers (HO)
)
\Hy@SavedSpaceFactor=\count343
 (C:\Users\chira\AppData\Local\Programs\MiKTeX\tex/latex/hyperref\puenc.def
File: puenc.def 2025-07-12 v7.01o Hyperref: PDF Unicode definition (HO)
Now handling font encoding PU ...
... no UTF-8 mapping file for font encoding PU
)
Package hyperref Info: Option `bookmarks' set `true' on input line 4066.
Package hyperref Info: Option `bookmarksopen' set `true' on input line 4066.
Package hyperref Info: Hyper figures OFF on input line 4195.
Package hyperref Info: Link nesting OFF on input line 4200.
Package hyperref Info: Hyper index ON on input line 4203.
Package hyperref Info: Plain pages OFF on input line 4210.
Package hyperref Info: Backreferencing OFF on input line 4215.
Package hyperref Info: Implicit mode ON; LaTeX internals redefined.
Package hyperref Info: Bookmarks ON on input line 4462.
\c@Hy@tempcnt=\count344
 (C:\Users\chira\AppData\Local\Programs\MiKTeX\tex/latex/url\url.sty
\Urlmuskip=\muskip17
Package: url 2013/09/16  ver 3.4  Verb mode for urls, etc.
)
LaTeX Info: Redefining \url on input line 4801.
\XeTeXLinkMargin=\dimen269
 (C:\Users\chira\AppData\Local\Programs\MiKTeX\tex/generic/bitset\bitset.sty
Package: bitset 2019/12/09 v1.3 Handle bit-vector datatype (HO)
 (C:\Users\chira\AppData\Local\Programs\MiKTeX\tex/generic/bigintcalc\bigintcalc.sty
Package: bigintcalc 2019/12/15 v1.5 Expandable calculations on big integers (HO)
))
\Fld@menulength=\count345
\Field@Width=\dimen270
\Fld@charsize=\dimen271
Package hyperref Info: Hyper figures OFF on input line 6078.
Package hyperref Info: Link nesting OFF on input line 6083.
Package hyperref Info: Hyper index ON on input line 6086.
Package hyperref Info: backreferencing OFF on input line 6093.
Package hyperref Info: Link coloring OFF on input line 6098.
Package hyperref Info: Link coloring with OCG OFF on input line 6103.
Package hyperref Info: PDF/A mode OFF on input line 6108.
\Hy@abspage=\count346
\c@Item=\count347
\c@Hfootnote=\count348
)
Package hyperref Info: Driver (autodetected): hpdftex.
 (C:\Users\chira\AppData\Local\Programs\MiKTeX\tex/latex/hyperref\hpdftex.def
File: hpdftex.def 2025-07-12 v7.01o Hyperref driver for pdfTeX
\Fld@listcount=\count349
\c@bookmark@seq@number=\count350
 (C:\Users\chira\AppData\Local\Programs\MiKTeX\tex/latex/rerunfilecheck\rerunfilecheck.sty
Package: rerunfilecheck 2025-06-21 v1.11 Rerun checks for auxiliary files (HO)
 (C:\Users\chira\AppData\Local\Programs\MiKTeX\tex/generic/uniquecounter\uniquecounter.sty
Package: uniquecounter 2019/12/15 v1.4 Provide unlimited unique counter (HO)
)
Package uniquecounter Info: New unique counter `rerunfilecheck' on input line 284.
)
\Hy@SectionHShift=\skip72
) (C:\Users\chira\AppData\Local\Programs\MiKTeX\tex/latex/glossaries/base\glossaries.sty
Package: glossaries 2026/04/21 v5.1 (NLCT)
 (C:\Users\chira\AppData\Local\Programs\MiKTeX\tex/latex/mfirstuc\mfirstuc.sty
Package: mfirstuc 2025/04/03 v2.09 (NLCT)
\@glsmfirst=\toks39
\@glsmrest=\toks40
) (C:\Users\chira\AppData\Local\Programs\MiKTeX\tex/latex/xfor\xfor.sty
Package: xfor 2009/02/05 v1.05 (NLCT)
) (C:\Users\chira\AppData\Local\Programs\MiKTeX\tex/latex/amsmath\amsgen.sty
File: amsgen.sty 1999/11/30 v2.0 generic functions
\@emptytoks=\toks41
\ex@=\dimen272
) (C:\Users\chira\AppData\Local\Programs\MiKTeX\tex/latex/datatool\datatool-base.sty
Package: datatool-base 2025/12/04 v3.4.3 (NLCT)
 (C:\Users\chira\AppData\Local\Programs\MiKTeX\tex/latex/amsmath\amsmath.sty
Package: amsmath 2025/07/09 v2.17z AMS math features
\@mathmargin=\skip73

For additional information on amsmath, use the `?' option.
(C:\Users\chira\AppData\Local\Programs\MiKTeX\tex/latex/amsmath\amstext.sty
Package: amstext 2024/11/17 v2.01 AMS text
) (C:\Users\chira\AppData\Local\Programs\MiKTeX\tex/latex/amsmath\amsbsy.sty
Package: amsbsy 1999/11/29 v1.2d Bold Symbols
\pmbraise@=\dimen273
) (C:\Users\chira\AppData\Local\Programs\MiKTeX\tex/latex/amsmath\amsopn.sty
Package: amsopn 2022/04/08 v2.04 operator names
)
\inf@bad=\count351
LaTeX Info: Redefining \frac on input line 233.
\uproot@=\count352
\leftroot@=\count353
LaTeX Info: Redefining \overline on input line 398.
LaTeX Info: Redefining \colon on input line 409.
\classnum@=\count354
\DOTSCASE@=\count355
LaTeX Info: Redefining \ldots on input line 495.
LaTeX Info: Redefining \dots on input line 498.
LaTeX Info: Redefining \cdots on input line 619.
\Mathstrutbox@=\box69
\strutbox@=\box70
LaTeX Info: Redefining \big on input line 721.
LaTeX Info: Redefining \Big on input line 722.
LaTeX Info: Redefining \bigg on input line 723.
LaTeX Info: Redefining \Bigg on input line 724.
\big@size=\dimen274
LaTeX Font Info:    Redeclaring font encoding OML on input line 742.
LaTeX Font Info:    Redeclaring font encoding OMS on input line 743.
\macc@depth=\count356
LaTeX Info: Redefining \bmod on input line 904.
LaTeX Info: Redefining \pmod on input line 909.
LaTeX Info: Redefining \smash on input line 939.
LaTeX Info: Redefining \relbar on input line 969.
LaTeX Info: Redefining \Relbar on input line 970.
\c@MaxMatrixCols=\count357
\dotsspace@=\muskip18
\c@parentequation=\count358
\dspbrk@lvl=\count359
\tag@help=\toks42
\row@=\count360
\column@=\count361
\maxfields@=\count362
\andhelp@=\toks43
\eqnshift@=\dimen275
\alignsep@=\dimen276
\tagshift@=\dimen277
\tagwidth@=\dimen278
\totwidth@=\dimen279
\lineht@=\dimen280
\@envbody=\toks44
\multlinegap=\skip74
\multlinetaggap=\skip75
\mathdisplay@stack=\toks45
LaTeX Info: Redefining \[ on input line 2950.
LaTeX Info: Redefining \] on input line 2951.
) (C:\Users\chira\AppData\Local\Programs\MiKTeX\tex/latex/tracklang\tracklang.sty
Package: tracklang 2025/03/11 v1.6.6 (NLCT) Track Languages
 (C:\Users\chira\AppData\Local\Programs\MiKTeX\tex/generic/tracklang\tracklang.tex))
\l__datatool_tmpa_int=\count363
\l__datatool_tmpb_int=\count364
\l__datatool_tmpc_int=\count365
\l__datatool_tmpd_int=\count366
\l__datatool_count_int=\count367
\l__datatool_tmp_datatype_int=\count368
\l__datatool_tmpa_dim=\dimen281
\l__datatool_tmpb_dim=\dimen282
 (C:\Users\chira\AppData\Local\Programs\MiKTeX\tex/latex/datatool\datatool-l3fp.def
File: datatool-l3fp.def 2025/12/04 v3.4.3 (NLCT)
)
\@dtl@toks=\toks46
\@dtl@tmpcount=\count369
\dtl@tmplength=\skip76
\l__datatool_measure_box=\box71
\dtl@sortresult=\count370
 (C:\Users\chira\AppData\Local\Programs\MiKTeX\tex/latex/datatool\datatool-utf8.ldf
File: datatool-utf8.ldf 2025/12/04 v3.4.3 (NLCT)
)
\@dtl@datatype=\count371
\c_datatool_unknown_int=\count372
\l__datatool_year_int=\count373
\l__datatool_month_int=\count374
\l__datatool_day_int=\count375
\l__datatool_hour_int=\count376
\l__datatool_minute_int=\count377
\l__datatool_second_int=\count378
\l__datatool_tzhour_int=\count379
\l__datatool_tzminute_int=\count380
\l__datatool_julian_int=\count381
\l__datatool_local_julian_int=\count382
\l__datatool_prefix_int=\count383
\l__datatool_suffix_int=\count384
\@dtl@foreach@level=\count385
\dtl@codeA=\count386
\dtl@codeB=\count387
)
\gls@level=\count388
\@gls@tmpb=\toks47
\gls@tmplen=\skip77
\l__glossaries_tmpa_dim=\dimen283
\l__glossaries_tmpb_dim=\dimen284
\glskeylisttok=\toks48
\glslabeltok=\toks49
\glsshorttok=\toks50
\glslongtok=\toks51
 (C:\Users\chira\AppData\Local\Programs\MiKTeX\tex/latex/glossaries/styles\glossary-hypernav.sty
Package: glossary-hypernav 2026/04/21 v5.1 (NLCT)
) (C:\Users\chira\AppData\Local\Programs\MiKTeX\tex/latex/glossaries/styles\glossary-list.sty
Package: glossary-list 2026/04/21 v5.1 (NLCT)
\glslistdottedwidth=\skip78
) (C:\Users\chira\AppData\Local\Programs\MiKTeX\tex/latex/glossaries/styles\glossary-long.sty
Package: glossary-long 2026/04/21 v5.1 (NLCT)
 (C:\Users\chira\AppData\Local\Programs\MiKTeX\tex/latex/tools\longtable.sty
Package: longtable 2025-10-13 v4.24 Multi-page Table package (DPC)
\LTleft=\skip79
\LTright=\skip80
\LTpre=\skip81
\LTpost=\skip82
\LTchunksize=\count389
\LTcapwidth=\dimen285
\LT@head=\box72
\LT@firsthead=\box73
\LT@foot=\box74
\LT@lastfoot=\box75
\LT@gbox=\box76
\LT@cols=\count390
\LT@rows=\count391
\c@LT@tables=\count392
\c@LT@chunks=\count393
\LT@p@ftn=\toks52
)
\glsdescwidth=\skip83
\glspagelistwidth=\skip84
) (C:\Users\chira\AppData\Local\Programs\MiKTeX\tex/latex/glossaries/styles\glossary-super.sty
Package: glossary-super 2026/04/21 v5.1 (NLCT)
 (C:\Users\chira\AppData\Local\Programs\MiKTeX\tex/latex/supertabular\supertabular.sty
Package: supertabular 2025/06/26 v4.2d the supertabular environment
\c@tracingst=\count394
\ST@wd=\dimen286
\ST@rightskip=\skip85
\ST@leftskip=\skip86
\ST@parfillskip=\skip87
\ST@pageleft=\dimen287
\ST@headht=\dimen288
\ST@tailht=\dimen289
\ST@pagesofar=\dimen290
\ST@pboxht=\dimen291
\ST@rowht=\dimen292
\ST@prevht=\dimen293
\ST@toadd=\dimen294
\ST@dimen=\dimen295
\ST@pbox=\box77
)) (C:\Users\chira\AppData\Local\Programs\MiKTeX\tex/latex/glossaries/styles\glossary-tree.sty
Package: glossary-tree 2026/04/21 v5.1 (NLCT)
\l__glossaries_tree_max_known_level_int=\count395
\l__glossaries_tree_offset_dim=\dimen296
\l__glossaries_tree_namewidth_dim=\dimen297
\l__glossaries_tree_symbolwidth_dim=\dimen298
\l__glossaries_tree_prenamesym_width_dim=\dimen299
\l__glossaries_tree_presubnamesym_width_dim=\dimen300
\l__glossaries_tree_namewidth_padding_dim=\dimen301
\l__glossaries_tree_symbolwidth_padding_dim=\dimen302
\l__glossaries_tree_namesymbolwidth_dim=\dimen303
\l__glossaries_tree_namesymbolwidth_padding_dim=\dimen304
\l__glossaries_tree_level_int=\count396
\glstreeindent=\skip88
)) (C:\Users\chira\AppData\Local\Programs\MiKTeX\tex/latex/tcolorbox\tcolorbox.sty
Package: tcolorbox 2025/11/28 version 6.9.0 text color boxes
 (C:\Users\chira\AppData\Local\Programs\MiKTeX\tex/latex/tools\verbatim.sty
Package: verbatim 2024-01-22 v1.5x LaTeX2e package for verbatim enhancements
\every@verbatim=\toks53
\verbatim@line=\toks54
\verbatim@in@stream=\read3
) (C:\Users\chira\AppData\Local\Programs\MiKTeX\tex/latex/environ\environ.sty
Package: environ 2014/05/04 v0.3 A new way to define environments
 (C:\Users\chira\AppData\Local\Programs\MiKTeX\tex/latex/trimspaces\trimspaces.sty
Package: trimspaces 2009/09/17 v1.1 Trim spaces around a token list
))
\tcb@titlebox=\box78
\tcb@upperbox=\box79
\tcb@lowerbox=\box80
\tcb@phantombox=\box81
\c@tcbbreakpart=\count397
\c@tcblayer=\count398
\c@tcolorbox@number=\count399
\l__tcobox_tmpa_box=\box82
\l__tcobox_tmpa_dim=\dimen305
\tcb@temp=\box83
\tcb@temp=\box84
\tcb@temp=\box85
\tcb@temp=\box86
 (C:\Users\chira\AppData\Local\Programs\MiKTeX\tex/latex/tcolorbox\tcblistings.code.tex
Library (tcolorbox): 'tcblistings.code.tex' version '6.9.0'
(C:\Users\chira\AppData\Local\Programs\MiKTeX\tex/latex/listings\listings.sty
\lst@mode=\count400
\lst@gtempboxa=\box87
\lst@token=\toks55
\lst@length=\count401
\lst@currlwidth=\dimen306
\lst@column=\count402
\lst@pos=\count403
\lst@lostspace=\dimen307
\lst@width=\dimen308
\lst@newlines=\count404
\lst@lineno=\count405
\lst@maxwidth=\dimen309
 (C:\Users\chira\AppData\Local\Programs\MiKTeX\tex/latex/listings\lstpatch.sty
File: lstpatch.sty 2025/11/14 1.11b (Carsten Heinz)
) (C:\Users\chira\AppData\Local\Programs\MiKTeX\tex/latex/listings\lstmisc.sty
File: lstmisc.sty 2025/11/14 1.11b (Carsten Heinz)
\c@lstnumber=\count406
\lst@skipnumbers=\count407
\lst@framebox=\box88
) (C:\Users\chira\AppData\Local\Programs\MiKTeX\tex/latex/listings\listings.cfg
File: listings.cfg 2025/11/14 1.11b listings configuration
))
Package: listings 2025/11/14 1.11b (Carsten Heinz)

==> First Aid for listings.sty no longer applied!
    Expected:
        2024/09/23 1.10c (Carsten Heinz)
    but found:
        2025/11/14 1.11b (Carsten Heinz)
    so I'm assuming it got fixed.
(C:\Users\chira\AppData\Local\Programs\MiKTeX\tex/latex/tcolorbox\tcblistingscore.code.tex
Library (tcolorbox): 'tcblistingscore.code.tex' version '6.9.0'
(C:\Users\chira\AppData\Local\Programs\MiKTeX\tex/latex/tcolorbox\tcbprocessing.code.tex
Library (tcolorbox): 'tcbprocessing.code.tex' version '6.9.0'
)
\c@tcblisting=\count408
))) (C:\Users\chira\AppData\Local\Programs\MiKTeX\tex/latex/tcolorbox\tcbskins.code.tex
Library (tcolorbox): 'tcbskins.code.tex' version '6.9.0'
(C:\Users\chira\AppData\Local\Programs\MiKTeX\tex/latex/tikzfill\tikzfill.image.sty
Package: tikzfill.image 2026/04/23 v1.2.0 Image filling library for TikZ
 (C:\Users\chira\AppData\Local\Programs\MiKTeX\tex/latex/tikzfill\tikzlibraryfill.image.code.tex
File: tikzlibraryfill.image.code.tex 2026/04/23 v1.2.0 Image filling library
\l__tikzfill_tmpa_dim=\dimen310
\l__tikzfill_tmpb_dim=\dimen311
\l__tikzfill_img_box=\box89
)) (C:\Users\chira\AppData\Local\Programs\MiKTeX\tex/latex/tcolorbox\tcbskinsjigsaw.code.tex
Library (tcolorbox): 'tcbskinsjigsaw.code.tex' version '6.9.0'
)) (C:\Users\chira\AppData\Local\Programs\MiKTeX\tex/latex/tcolorbox\tcbbreakable.code.tex
Library (tcolorbox): 'tcbbreakable.code.tex' version '6.9.0'
(C:\Users\chira\AppData\Local\Programs\MiKTeX\tex/latex/pdfcol\pdfcol.sty
Package: pdfcol 2022-09-21 v1.7 Handle new color stacks for pdfTeX (HO)
)
Package pdfcol Info: New color stack `tcb@breakable' = 1 on input line 23.
\tcb@testbox=\box90
\tcb@totalupperbox=\box91
\tcb@totallowerbox=\box92
) (C:\Users\chira\AppData\Local\Programs\MiKTeX\tex/latex/tcolorbox\tcbtheorems.code.tex
Library (tcolorbox): 'tcbtheorems.code.tex' version '6.9.0'
) (C:\Users\chira\AppData\Local\Programs\MiKTeX\tex/latex/tools\indentfirst.sty
Package: indentfirst 2023/07/02 v1.03 Indent first paragraph (DPC)
) (C:\Users\chira\AppData\Local\Programs\MiKTeX\tex/latex/setspace\setspace.sty
Package: setspace 2022/12/04 v6.7b set line spacing
) (C:\Users\chira\AppData\Local\Programs\MiKTeX\tex/latex/booktabs\booktabs.sty
Package: booktabs 2020/01/12 v1.61803398 Publication quality tables
\heavyrulewidth=\dimen312
\lightrulewidth=\dimen313
\cmidrulewidth=\dimen314
\belowrulesep=\dimen315
\belowbottomsep=\dimen316
\aboverulesep=\dimen317
\abovetopsep=\dimen318
\cmidrulesep=\dimen319
\cmidrulekern=\dimen320
\defaultaddspace=\dimen321
\@cmidla=\count409
\@cmidlb=\count410
\@aboverulesep=\dimen322
\@belowrulesep=\dimen323
\@thisruleclass=\count411
\@lastruleclass=\count412
\@thisrulewidth=\dimen324
) (C:\Users\chira\AppData\Local\Programs\MiKTeX\tex/latex/tools\tabularx.sty
Package: tabularx 2023/12/11 v2.12a `tabularx' package (DPC)
 (C:\Users\chira\AppData\Local\Programs\MiKTeX\tex/latex/tools\array.sty
Package: array 2025/09/25 v2.6n Tabular extension package (FMi)
\col@sep=\dimen325
\ar@mcellbox=\box93
\extrarowheight=\dimen326
\NC@list=\toks56
\extratabsurround=\skip89
\backup@length=\skip90
\ar@cellbox=\box94
)
\TX@col@width=\dimen327
\TX@old@table=\dimen328
\TX@old@col=\dimen329
\TX@target=\dimen330
\TX@delta=\dimen331
\TX@cols=\count413
\TX@ftn=\toks57
) (C:\Users\chira\AppData\Local\Programs\MiKTeX\tex/latex/pdflscape\pdflscape.sty
Package: pdflscape 2022-10-27 v0.13 Display of landscape pages in PDF
 (C:\Users\chira\AppData\Local\Programs\MiKTeX\tex/latex/pdflscape\pdflscape-nometadata.sty
Package: pdflscape-nometadata 2022-10-28 v0.13 Display of landscape pages in PDF (HO)
 (C:\Users\chira\AppData\Local\Programs\MiKTeX\tex/latex/graphics\lscape.sty
Package: lscape 2020/05/28 v3.02 Landscape Pages (DPC)
)
Package pdflscape Info: Auto-detected driver: pdftex on input line 81.
)))
\glswrite=\write4
\glo@main@file=\write5
\openout5 = `New_IDP_Report.glo'.

Package glossaries Info: Writing glossary file New_IDP_Report.glo on input line 88.
\glo@symbolList@file=\write6
\openout6 = `New_IDP_Report.sym2'.

Package glossaries Info: Writing glossary file New_IDP_Report.sym2 on input line 88.
 (AuxFiles/Glossaries.tex) (C:\Users\chira\AppData\Local\Programs\MiKTeX\tex/latex/biblatex\biblatex.sty
Package: biblatex 2025/07/10 v3.21 programmable bibliographies (PK/MW)
 (C:\Users\chira\AppData\Local\Programs\MiKTeX\tex/latex/logreq\logreq.sty
Package: logreq 2010/08/04 v1.0 xml request logger
\lrq@indent=\count414
 (C:\Users\chira\AppData\Local\Programs\MiKTeX\tex/latex/logreq\logreq.def
File: logreq.def 2010/08/04 v1.0 logreq spec v1.0
))
\c@tabx@nest=\count415
\c@listtotal=\count416
\c@listcount=\count417
\c@liststart=\count418
\c@liststop=\count419
\c@citecount=\count420
\c@citetotal=\count421
\c@multicitecount=\count422
\c@multicitetotal=\count423
\c@instcount=\count424
\c@maxnames=\count425
\c@minnames=\count426
\c@maxitems=\count427
\c@minitems=\count428
\c@citecounter=\count429
\c@maxcitecounter=\count430
\c@savedcitecounter=\count431
\c@uniquelist=\count432
\c@uniquename=\count433
\c@refsection=\count434
\c@refsegment=\count435
\c@maxextratitle=\count436
\c@maxextratitleyear=\count437
\c@maxextraname=\count438
\c@maxextradate=\count439
\c@maxextraalpha=\count440
\c@abbrvpenalty=\count441
\c@highnamepenalty=\count442
\c@lownamepenalty=\count443
\c@maxparens=\count444
\c@parenlevel=\count445
\blx@tempcnta=\count446
\blx@tempcntb=\count447
\blx@tempcntc=\count448
\c@blx@maxsection=\count449
\blx@maxsegment@0=\count450
\blx@notetype=\count451
\blx@parenlevel@text=\count452
\blx@parenlevel@foot=\count453
\blx@sectionciteorder@0=\count454
\blx@sectionciteorderinternal@0=\count455
\blx@entrysetcounter=\count456
\blx@biblioinstance=\count457
\labelnumberwidth=\skip91
\labelalphawidth=\skip92
\biblabelsep=\skip93
\bibitemsep=\skip94
\bibnamesep=\skip95
\bibinitsep=\skip96
\bibparsep=\skip97
\bibhang=\skip98
\blx@bcfin=\read4
\blx@bcfout=\write7
\blx@langwohyphens=\language79
\c@mincomprange=\count458
\c@maxcomprange=\count459
\c@mincompwidth=\count460
Package biblatex Info: Trying to load biblatex default data model...
Package biblatex Info: ... file 'blx-dm.def' found.
 (C:\Users\chira\AppData\Local\Programs\MiKTeX\tex/latex/biblatex\blx-dm.def
File: blx-dm.def 2025/07/10 v3.21 biblatex datamodel (PK/MW)
)
Package biblatex Info: Trying to load biblatex style data model...
Package biblatex Info: ... file 'ieee.dbx' not found.
Package biblatex Info: Trying to load biblatex custom data model...
Package biblatex Info: ... file 'biblatex-dm.cfg' not found.
\c@afterword=\count461
\c@savedafterword=\count462
\c@annotator=\count463
\c@savedannotator=\count464
\c@author=\count465
\c@savedauthor=\count466
\c@bookauthor=\count467
\c@savedbookauthor=\count468
\c@commentator=\count469
\c@savedcommentator=\count470
\c@editor=\count471
\c@savededitor=\count472
\c@editora=\count473
\c@savededitora=\count474
\c@editorb=\count475
\c@savededitorb=\count476
\c@editorc=\count477
\c@savededitorc=\count478
\c@foreword=\count479
\c@savedforeword=\count480
\c@holder=\count481
\c@savedholder=\count482
\c@introduction=\count483
\c@savedintroduction=\count484
\c@namea=\count485
\c@savednamea=\count486
\c@nameb=\count487
\c@savednameb=\count488
\c@namec=\count489
\c@savednamec=\count490
\c@translator=\count491
\c@savedtranslator=\count492
\c@shortauthor=\count493
\c@savedshortauthor=\count494
\c@shorteditor=\count495
\c@savedshorteditor=\count496
\c@labelname=\count497
\c@savedlabelname=\count498
\c@institution=\count499
\c@savedinstitution=\count500
\c@lista=\count501
\c@savedlista=\count502
\c@listb=\count503
\c@savedlistb=\count504
\c@listc=\count505
\c@savedlistc=\count506
\c@listd=\count507
\c@savedlistd=\count508
\c@liste=\count509
\c@savedliste=\count510
\c@listf=\count511
\c@savedlistf=\count512
\c@location=\count513
\c@savedlocation=\count514
\c@organization=\count515
\c@savedorganization=\count516
\c@origlocation=\count517
\c@savedoriglocation=\count518
\c@origpublisher=\count519
\c@savedorigpublisher=\count520
\c@publisher=\count521
\c@savedpublisher=\count522
\c@language=\count523
\c@savedlanguage=\count524
\c@origlanguage=\count525
\c@savedoriglanguage=\count526
\c@pageref=\count527
\c@savedpageref=\count528
\shorthandwidth=\skip99
\shortjournalwidth=\skip100
\shortserieswidth=\skip101
\shorttitlewidth=\skip102
\shortauthorwidth=\skip103
\shorteditorwidth=\skip104
\locallabelnumberwidth=\skip105
\locallabelalphawidth=\skip106
\localshorthandwidth=\skip107
\localshortjournalwidth=\skip108
\localshortserieswidth=\skip109
\localshorttitlewidth=\skip110
\localshortauthorwidth=\skip111
\localshorteditorwidth=\skip112
Package biblatex Info: Trying to load compatibility code...
Package biblatex Info: ... file 'blx-compat.def' found.
 (C:\Users\chira\AppData\Local\Programs\MiKTeX\tex/latex/biblatex\blx-compat.def
File: blx-compat.def 2025/07/10 v3.21 biblatex compatibility (PK/MW)
)
Package biblatex Info: Trying to load BibTeX backend compatibility...
Package biblatex Info: ... file 'blx-bibtex.def' found.
 (C:\Users\chira\AppData\Local\Programs\MiKTeX\tex/latex/biblatex\blx-bibtex.def
File: blx-bibtex.def 2025/07/10 v3.21 biblatex compatibility (PK/MW)


Package biblatex Warning: Using fall-back bibtex backend:
(biblatex)                functionality may be reduced/unavailable.

)
Package biblatex Info: Trying to load generic definitions...
Package biblatex Info: ... file 'biblatex.def' found.
 (C:\Users\chira\AppData\Local\Programs\MiKTeX\tex/latex/biblatex\biblatex.def
File: biblatex.def 2025/07/10 v3.21 biblatex compatibility (PK/MW)
\c@textcitecount=\count529
\c@textcitetotal=\count530
\c@textcitemaxnames=\count531
\c@biburlbigbreakpenalty=\count532
\c@biburlbreakpenalty=\count533
\c@biburlnumpenalty=\count534
\c@biburlucpenalty=\count535
\c@biburllcpenalty=\count536
\biburlbigskip=\muskip19
\biburlnumskip=\muskip20
\biburlucskip=\muskip21
\biburllcskip=\muskip22
\c@smartand=\count537
)
Package biblatex Info: Trying to load bibliography style 'ieee'...
Package biblatex Info: ... file 'ieee.bbx' found.
 (C:\Users\chira\AppData\Local\Programs\MiKTeX\tex/latex/biblatex-ieee\ieee.bbx
File: ieee.bbx 2025-08-01 v1.4f biblatex bibliography style
Package biblatex Info: Trying to load bibliography style 'numeric-comp'...
Package biblatex Info: ... file 'numeric-comp.bbx' found.
 (C:\Users\chira\AppData\Local\Programs\MiKTeX\tex/latex/biblatex/bbx\numeric-comp.bbx
File: numeric-comp.bbx 2025/07/10 v3.21 biblatex bibliography style (PK/MW)
Package biblatex Info: Trying to load bibliography style 'numeric'...
Package biblatex Info: ... file 'numeric.bbx' found.
 (C:\Users\chira\AppData\Local\Programs\MiKTeX\tex/latex/biblatex/bbx\numeric.bbx
File: numeric.bbx 2025/07/10 v3.21 biblatex bibliography style (PK/MW)
Package biblatex Info: Trying to load bibliography style 'standard'...
Package biblatex Info: ... file 'standard.bbx' found.
 (C:\Users\chira\AppData\Local\Programs\MiKTeX\tex/latex/biblatex/bbx\standard.bbx
File: standard.bbx 2025/07/10 v3.21 biblatex bibliography style (PK/MW)
\c@bbx:relatedcount=\count538
\c@bbx:relatedtotal=\count539
))))
Package biblatex Info: Trying to load citation style 'ieee'...
Package biblatex Info: ... file 'ieee.cbx' found.
 (C:\Users\chira\AppData\Local\Programs\MiKTeX\tex/latex/biblatex-ieee\ieee.cbx
File: ieee.cbx 2025-08-01 v1.4f biblatex citation style
Package biblatex Info: Trying to load citation style 'numeric-verb'...
Package biblatex Info: ... file 'numeric-verb.cbx' found.
 (C:\Users\chira\AppData\Local\Programs\MiKTeX\tex/latex/biblatex/cbx\numeric-verb.cbx
File: numeric-verb.cbx 2025/07/10 v3.21 biblatex citation style (PK/MW)
Package biblatex Info: Redefining '\cite'.
Package biblatex Info: Redefining '\parencite'.
Package biblatex Info: Redefining '\footcite'.
Package biblatex Info: Redefining '\footcitetext'.
Package biblatex Info: Redefining '\smartcite'.
Package biblatex Info: Redefining '\textcite'.
Package biblatex Info: Redefining '\supercite'.
Package biblatex Info: Redefining '\parencites'.
Package biblatex Info: Redefining '\smartcites'.
Package biblatex Info: Redefining '\textcites'.
))
Package biblatex Info: Trying to load configuration file...
Package biblatex Info: ... file 'biblatex.cfg' found.
 (C:\Users\chira\AppData\Local\Programs\MiKTeX\tex/latex/biblatex\biblatex.cfg
File: biblatex.cfg 
)
Package biblatex Info: Input encoding 'utf8' detected.
Package biblatex Info: Document encoding is UTF8 ....
 (C:\Users\chira\AppData\Local\Programs\MiKTeX\tex/latex/l3kernel\expl3.sty
Package: expl3 2025-12-24 L3 programming layer (loader) 
 (C:\Users\chira\AppData\Local\Programs\MiKTeX\tex/latex/l3backend\l3backend-pdftex.def
File: l3backend-pdftex.def 2025-10-09 L3 backend support: PDF output (pdfTeX)
\l__color_backend_stack_int=\count540
))
Package biblatex Info: ... and expl3
(biblatex)             2025-12-24 L3 programming layer (loader) 
(biblatex)             is new enough (at least 2020/04/06),
(biblatex)             setting 'casechanger=expl3'.
 (C:\Users\chira\AppData\Local\Programs\MiKTeX\tex/latex/biblatex\blx-case-expl3.sty (C:\Users\chira\AppData\Local\Programs\MiKTeX\tex/latex/l3packages/xparse\xparse.sty
Package: xparse 2025-10-09 L3 Experimental document command parser
)
Package: blx-case-expl3 2025/07/10 v3.21 expl3 case changing code for biblatex
))
\@quotelevel=\count541
\@quotereset=\count542
 (New_IDP_Report.aux <Reading QR code for "https://drive.google.com/drive/folders/1Hb3RMCByL-FEbad4mX8AuX8Cj8I1Lwot?usp=sharing" at level 5-M from aux file.>
)
\openout1 = `New_IDP_Report.aux'.

LaTeX Font Info:    Checking defaults for OML/cmm/m/it on input line 111.
LaTeX Font Info:    ... okay on input line 111.
LaTeX Font Info:    Checking defaults for OMS/cmsy/m/n on input line 111.
LaTeX Font Info:    ... okay on input line 111.
LaTeX Font Info:    Checking defaults for OT1/cmr/m/n on input line 111.
LaTeX Font Info:    ... okay on input line 111.
LaTeX Font Info:    Checking defaults for T1/cmr/m/n on input line 111.
LaTeX Font Info:    ... okay on input line 111.
LaTeX Font Info:    Checking defaults for TS1/cmr/m/n on input line 111.
LaTeX Font Info:    ... okay on input line 111.
LaTeX Font Info:    Checking defaults for OMX/cmex/m/n on input line 111.
LaTeX Font Info:    ... okay on input line 111.
LaTeX Font Info:    Checking defaults for U/cmr/m/n on input line 111.
LaTeX Font Info:    ... okay on input line 111.
LaTeX Font Info:    Checking defaults for PD1/pdf/m/n on input line 111.
LaTeX Font Info:    ... okay on input line 111.
LaTeX Font Info:    Checking defaults for PU/pdf/m/n on input line 111.
LaTeX Font Info:    ... okay on input line 111.
LaTeX Info: Redefining \microtypecontext on input line 111.
Package microtype Info: Applying patch `item' on input line 111.
Package microtype Info: Applying patch `toc' on input line 111.
Package microtype Info: Applying patch `eqnum' on input line 111.


Package microtype Warning: Unable to apply patch `footnote' on input line 111.

Package microtype Info: Applying patch `verbatim' on input line 111.
LaTeX Info: Redefining \microtypesetup on input line 111.
Package microtype Info: Generating PDF output.
Package microtype Info: Character protrusion enabled (level 2).
Package microtype Info: Using default protrusion set `alltext'.
Package microtype Info: No font expansion.
Package microtype Info: No adjustment of tracking.
Package microtype Info: No adjustment of interword spacing.
Package microtype Info: No adjustment of character kerning.
(C:\Users\chira\AppData\Local\Programs\MiKTeX\tex/latex/microtype\mt-cmr.cfg
File: mt-cmr.cfg 2013/05/19 v2.2 microtype config. file: Computer Modern Roman (RS)
) (C:\Users\chira\AppData\Local\Programs\MiKTeX\tex/context/base/mkii\supp-pdf.mkii
[Loading MPS to PDF converter (version 2006.09.02).]
\scratchcounter=\count543
\scratchdimen=\dimen332
\scratchbox=\box95
\nofMPsegments=\count544
\nofMParguments=\count545
\everyMPshowfont=\toks58
\MPscratchCnt=\count546
\MPscratchDim=\dimen333
\MPnumerator=\count547
\makeMPintoPDFobject=\count548
\everyMPtoPDFconversion=\toks59
) (C:\Users\chira\AppData\Local\Programs\MiKTeX\tex/latex/epstopdf-pkg\epstopdf-base.sty
Package: epstopdf-base 2020-01-24 v2.11 Base part for package epstopdf
Package epstopdf-base Info: Redefining graphics rule for `.eps' on input line 485.
 (C:\Users\chira\AppData\Local\Programs\MiKTeX\tex/latex/00miktex\epstopdf-sys.cfg
File: epstopdf-sys.cfg 2021/03/18 v2.0 Configuration of epstopdf for MiKTeX
))
Package ecproject Info: You have used \IDPProject, checking for any undesired uncomment of commands.... on input line 111.

*geometry* driver: auto-detecting
*geometry* detected driver: pdftex
*geometry* verbose mode - [ preamble ] result:
* driver: pdftex
* paper: a4paper
* layout: <same size as paper>
* layoutoffset:(h,v)=(0.0pt,0.0pt)
* modes: 
* h-part:(L,W,R)=(72.26999pt, 452.9679pt, 72.26999pt)
* v-part:(T,H,B)=(72.26999pt, 700.50687pt, 72.26999pt)
* \paperwidth=597.50787pt
* \paperheight=845.04684pt
* \textwidth=452.9679pt
* \textheight=700.50687pt
* \oddsidemargin=0.0pt
* \evensidemargin=0.0pt
* \topmargin=-34.3738pt
* \headheight=14.5pt
* \headsep=19.8738pt
* \topskip=12.0pt
* \footskip=30.0pt
* \marginparwidth=38.0pt
* \marginparsep=7.0pt
* \columnsep=10.0pt
* \skip\footins=10.8pt plus 4.0pt minus 2.0pt
* \hoffset=0.0pt
* \voffset=0.0pt
* \mag=1000
* \@twocolumnfalse
* \@twosidefalse
* \@mparswitchfalse
* \@reversemarginfalse
* (1in=72.27pt=25.4mm, 1cm=28.453pt)

Package hyperref Info: Link coloring OFF on input line 111.
(New_IDP_Report.out) (New_IDP_Report.out)
\@outlinefile=\write8
\openout8 = `New_IDP_Report.out'.

\c@lstlisting=\count549
Package biblatex Info: Trying to load language 'english'...
Package biblatex Info: ... file 'english.lbx' found.
 (C:\Users\chira\AppData\Local\Programs\MiKTeX\tex/latex/biblatex/lbx\english.lbx
File: english.lbx 2025/07/10 v3.21 biblatex localization (PK/MW)
)
Package biblatex Info: Input encoding 'utf8' detected.
Package biblatex Info: Automatic encoding selection.
(biblatex)             Assuming data encoding 'utf8'.
Package biblatex Info: Input encoding 'utf8' detected.
Package biblatex Info: Data encoding 'utf8' specified.
(biblatex)             No need to reencode data.
\openout7 = `New_IDP_Report-blx.bib'.

Package biblatex Info: Trying to load bibliographic data...
Package biblatex Info: ... file 'New_IDP_Report.bbl' found.
 (New_IDP_Report.bbl)
Package biblatex Info: Reference section=0 on input line 111.
Package biblatex Info: Reference segment=0 on input line 111.
 

<QR code requested for "https://drive.google.com/drive/folders/1Hb3RMCByL-FEbad4mX8AuX8Cj8I1Lwot?usp=sharing" in version 0-M.>
<Copying the QR code for "https://drive.google.com/drive/folders/1Hb3RMCByL-FEbad4mX8AuX8Cj8I1Lwot?usp=sharing" in version 5-M as previously calculated.>
<Figures/RV_logoVec.png, id=310, 505.89pt x 496.85625pt>
File: Figures/RV_logoVec.png Graphic file (type png)
<use Figures/RV_logoVec.png>
Package pdftex.def Info: Figures/RV_logoVec.png  used on input line 115.
(pdftex.def)             Requested size: 58.88803pt x 57.83096pt.
[1

\openout4 = `New_IDP_Report.ist'.


{C:/Users/chira/AppData/Local/MiKTeX/fonts/map/pdftex/pdftex.map} <./Figures/RV_logoVec.png>] (CoverPages/Certificate.tex
File: Figures/RV_logoVec.png Graphic file (type png)
<use Figures/RV_logoVec.png>
Package pdftex.def Info: Figures/RV_logoVec.png  used on input line 13.
(pdftex.def)             Requested size: 113.81102pt x 111.77266pt.
)
pdfTeX warning (ext4): destination with the same identifier (name{page.1}) has been already used, duplicate ignored
<to be read again> 
                   \relax 
l.122 \newpage
              
<Figures/RVlogoVecW.png, id=325, 505.89pt x 496.85625pt>
File: Figures/RVlogoVecW.png Graphic file (type png)
<use Figures/RVlogoVecW.png>
Package pdftex.def Info: Figures/RVlogoVecW.png  used on input line 122.
(pdftex.def)             Requested size: 271.7835pt x 266.93372pt.
File: Figures/RVlogoVecW.png Graphic file (type png)
<use Figures/RVlogoVecW.png>
Package pdftex.def Info: Figures/RVlogoVecW.png  used on input line 122.
(pdftex.def)             Requested size: 271.7835pt x 266.93372pt.
 [1 <./Figures/RVlogoVecW.png>] (CoverPages/Declaration.tex
Underfull \hbox (badness 10000) in paragraph at lines 15--15

 []


Underfull \hbox (badness 10000) in paragraph at lines 17--17

 []

)
File: Figures/RVlogoVecW.png Graphic file (type png)
<use Figures/RVlogoVecW.png>
Package pdftex.def Info: Figures/RVlogoVecW.png  used on input line 125.
(pdftex.def)             Requested size: 271.7835pt x 266.93372pt.
File: Figures/RVlogoVecW.png Graphic file (type png)
<use Figures/RVlogoVecW.png>
Package pdftex.def Info: Figures/RVlogoVecW.png  used on input line 125.
(pdftex.def)             Requested size: 271.7835pt x 266.93372pt.
 [2] (CoverPages/Ack.tex
Underfull \hbox (badness 10000) in paragraph at lines 14--14

 []


Underfull \hbox (badness 10000) in paragraph at lines 16--16

 []


Underfull \hbox (badness 10000) in paragraph at lines 18--18

 []


Underfull \hbox (badness 10000) in paragraph at lines 20--20

 []


Underfull \hbox (badness 10000) in paragraph at lines 23--23

 []


Underfull \hbox (badness 10000) in paragraph at lines 26--27

 []


Underfull \hbox (badness 10000) in paragraph at lines 29--29

 []


Underfull \hbox (badness 10000) in paragraph at lines 33--33

 []

)
File: Figures/RVlogoVecW.png Graphic file (type png)
<use Figures/RVlogoVecW.png>
Package pdftex.def Info: Figures/RVlogoVecW.png  used on input line 128.
(pdftex.def)             Requested size: 271.7835pt x 266.93372pt.
File: Figures/RVlogoVecW.png Graphic file (type png)
<use Figures/RVlogoVecW.png>
Package pdftex.def Info: Figures/RVlogoVecW.png  used on input line 128.
(pdftex.def)             Requested size: 271.7835pt x 266.93372pt.
 [3] (CoverPages/Abstract.tex)
File: Figures/RVlogoVecW.png Graphic file (type png)
<use Figures/RVlogoVecW.png>
Package pdftex.def Info: Figures/RVlogoVecW.png  used on input line 132.
(pdftex.def)             Requested size: 271.7835pt x 266.93372pt.
File: Figures/RVlogoVecW.png Graphic file (type png)
<use Figures/RVlogoVecW.png>
Package pdftex.def Info: Figures/RVlogoVecW.png  used on input line 132.
(pdftex.def)             Requested size: 271.7835pt x 266.93372pt.
 [1

] (New_IDP_Report.toc
File: Figures/RVlogoVecW.png Graphic file (type png)
<use Figures/RVlogoVecW.png>
Package pdftex.def Info: Figures/RVlogoVecW.png  used on input line 29.
(pdftex.def)             Requested size: 271.7835pt x 266.93372pt.
File: Figures/RVlogoVecW.png Graphic file (type png)
<use Figures/RVlogoVecW.png>
Package pdftex.def Info: Figures/RVlogoVecW.png  used on input line 29.
(pdftex.def)             Requested size: 271.7835pt x 266.93372pt.
 [2

]
File: Figures/RVlogoVecW.png Graphic file (type png)
<use Figures/RVlogoVecW.png>
Package pdftex.def Info: Figures/RVlogoVecW.png  used on input line 60.
(pdftex.def)             Requested size: 271.7835pt x 266.93372pt.
File: Figures/RVlogoVecW.png Graphic file (type png)
<use Figures/RVlogoVecW.png>
Package pdftex.def Info: Figures/RVlogoVecW.png  used on input line 60.
(pdftex.def)             Requested size: 271.7835pt x 266.93372pt.
 [3])
\tf@toc=\write9
\openout9 = `New_IDP_Report.toc'.

File: Figures/RVlogoVecW.png Graphic file (type png)
<use Figures/RVlogoVecW.png>
Package pdftex.def Info: Figures/RVlogoVecW.png  used on input line 140.
(pdftex.def)             Requested size: 271.7835pt x 266.93372pt.
File: Figures/RVlogoVecW.png Graphic file (type png)
<use Figures/RVlogoVecW.png>
Package pdftex.def Info: Figures/RVlogoVecW.png  used on input line 140.
(pdftex.def)             Requested size: 271.7835pt x 266.93372pt.
 [4] (New_IDP_Report.lof)
\tf@lof=\write10
\openout10 = `New_IDP_Report.lof'.

File: Figures/RVlogoVecW.png Graphic file (type png)
<use Figures/RVlogoVecW.png>
Package pdftex.def Info: Figures/RVlogoVecW.png  used on input line 146.
(pdftex.def)             Requested size: 271.7835pt x 266.93372pt.
File: Figures/RVlogoVecW.png Graphic file (type png)
<use Figures/RVlogoVecW.png>
Package pdftex.def Info: Figures/RVlogoVecW.png  used on input line 146.
(pdftex.def)             Requested size: 271.7835pt x 266.93372pt.
 [5


] (New_IDP_Report.lot)
\tf@lot=\write11
\openout11 = `New_IDP_Report.lot'.

 (New_IDP_Report.gls) (New_IDP_Report.sym1)
File: Figures/RVlogoVecW.png Graphic file (type png)
<use Figures/RVlogoVecW.png>
Package pdftex.def Info: Figures/RVlogoVecW.png  used on input line 157.
(pdftex.def)             Requested size: 271.7835pt x 266.93372pt.
File: Figures/RVlogoVecW.png Graphic file (type png)
<use Figures/RVlogoVecW.png>
Package pdftex.def Info: Figures/RVlogoVecW.png  used on input line 157.
(pdftex.def)             Requested size: 271.7835pt x 266.93372pt.
 [6


] (Chapter1/chapter1.tex
Chapter 1.
Package microtype Info: Loading generic protrusion settings for font family
(microtype)             `cmss' (encoding: OT1).
(microtype)             For optimal results, create family-specific settings.
(microtype)             See the microtype manual for details.

pdfTeX warning (ext4): destination with the same identifier (name{page.1}) has been already used, duplicate ignored
<to be read again> 
                   \relax 
l.1 \chapter{Introduction}
                          
File: Figures/RVlogoVecW.png Graphic file (type png)
<use Figures/RVlogoVecW.png>
Package pdftex.def Info: Figures/RVlogoVecW.png  used on input line 1.
(pdftex.def)             Requested size: 271.7835pt x 266.93372pt.
File: Figures/RVlogoVecW.png Graphic file (type png)
<use Figures/RVlogoVecW.png>
Package pdftex.def Info: Figures/RVlogoVecW.png  used on input line 1.
(pdftex.def)             Requested size: 271.7835pt x 266.93372pt.
 [1



]
pdfTeX warning (ext4): destination with the same identifier (name{page.2}) has been already used, duplicate ignored
<to be read again> 
                   \relax 
l.26 \section
             {Literature Review}
File: Figures/RVlogoVecW.png Graphic file (type png)
<use Figures/RVlogoVecW.png>
Package pdftex.def Info: Figures/RVlogoVecW.png  used on input line 26.
(pdftex.def)             Requested size: 271.7835pt x 266.93372pt.
File: Figures/RVlogoVecW.png Graphic file (type png)
<use Figures/RVlogoVecW.png>
Package pdftex.def Info: Figures/RVlogoVecW.png  used on input line 26.
(pdftex.def)             Requested size: 271.7835pt x 266.93372pt.
 [2]
pdfTeX warning (ext4): destination with the same identifier (name{page.3}) has been already used, duplicate ignored
<to be read again> 
                   \relax 
l.40 
     
File: Figures/RVlogoVecW.png Graphic file (type png)
<use Figures/RVlogoVecW.png>
Package pdftex.def Info: Figures/RVlogoVecW.png  used on input line 40.
(pdftex.def)             Requested size: 271.7835pt x 266.93372pt.
File: Figures/RVlogoVecW.png Graphic file (type png)
<use Figures/RVlogoVecW.png>
Package pdftex.def Info: Figures/RVlogoVecW.png  used on input line 40.
(pdftex.def)             Requested size: 271.7835pt x 266.93372pt.
 [3]
File: Figures/RVlogoVecW.png Graphic file (type png)
<use Figures/RVlogoVecW.png>
Package pdftex.def Info: Figures/RVlogoVecW.png  used on input line 53.
(pdftex.def)             Requested size: 271.7835pt x 266.93372pt.
File: Figures/RVlogoVecW.png Graphic file (type png)
<use Figures/RVlogoVecW.png>
Package pdftex.def Info: Figures/RVlogoVecW.png  used on input line 53.
(pdftex.def)             Requested size: 271.7835pt x 266.93372pt.
 [4]
File: Figures/RVlogoVecW.png Graphic file (type png)
<use Figures/RVlogoVecW.png>
Package pdftex.def Info: Figures/RVlogoVecW.png  used on input line 81.
(pdftex.def)             Requested size: 271.7835pt x 266.93372pt.
File: Figures/RVlogoVecW.png Graphic file (type png)
<use Figures/RVlogoVecW.png>
Package pdftex.def Info: Figures/RVlogoVecW.png  used on input line 81.
(pdftex.def)             Requested size: 271.7835pt x 266.93372pt.
 [5]
File: Figures/RVlogoVecW.png Graphic file (type png)
<use Figures/RVlogoVecW.png>
Package pdftex.def Info: Figures/RVlogoVecW.png  used on input line 102.
(pdftex.def)             Requested size: 271.7835pt x 266.93372pt.
File: Figures/RVlogoVecW.png Graphic file (type png)
<use Figures/RVlogoVecW.png>
Package pdftex.def Info: Figures/RVlogoVecW.png  used on input line 102.
(pdftex.def)             Requested size: 271.7835pt x 266.93372pt.
 [6]
File: Figures/RVlogoVecW.png Graphic file (type png)
<use Figures/RVlogoVecW.png>
Package pdftex.def Info: Figures/RVlogoVecW.png  used on input line 134.
(pdftex.def)             Requested size: 271.7835pt x 266.93372pt.
File: Figures/RVlogoVecW.png Graphic file (type png)
<use Figures/RVlogoVecW.png>
Package pdftex.def Info: Figures/RVlogoVecW.png  used on input line 134.
(pdftex.def)             Requested size: 271.7835pt x 266.93372pt.
 [7]) (Chapter2/chapter2.tex
File: Figures/RVlogoVecW.png Graphic file (type png)
<use Figures/RVlogoVecW.png>
Package pdftex.def Info: Figures/RVlogoVecW.png  used on input line 1.
(pdftex.def)             Requested size: 271.7835pt x 266.93372pt.
File: Figures/RVlogoVecW.png Graphic file (type png)
<use Figures/RVlogoVecW.png>
Package pdftex.def Info: Figures/RVlogoVecW.png  used on input line 1.
(pdftex.def)             Requested size: 271.7835pt x 266.93372pt.
 [8]
Chapter 2.
File: Figures/RVlogoVecW.png Graphic file (type png)
<use Figures/RVlogoVecW.png>
Package pdftex.def Info: Figures/RVlogoVecW.png  used on input line 1.
(pdftex.def)             Requested size: 271.7835pt x 266.93372pt.
File: Figures/RVlogoVecW.png Graphic file (type png)
<use Figures/RVlogoVecW.png>
Package pdftex.def Info: Figures/RVlogoVecW.png  used on input line 1.
(pdftex.def)             Requested size: 271.7835pt x 266.93372pt.
[9


]
Overfull \hbox (30.19238pt too wide) in paragraph at lines 9--10
[]\OT1/cmr/m/n/12 The sys-tem em-ploys a het-ero-ge-neous radar pair from Texas In-stru-ments: one AWR6843AOP
 []

File: Figures/RVlogoVecW.png Graphic file (type png)
<use Figures/RVlogoVecW.png>
Package pdftex.def Info: Figures/RVlogoVecW.png  used on input line 21.
(pdftex.def)             Requested size: 271.7835pt x 266.93372pt.
File: Figures/RVlogoVecW.png Graphic file (type png)
<use Figures/RVlogoVecW.png>
Package pdftex.def Info: Figures/RVlogoVecW.png  used on input line 21.
(pdftex.def)             Requested size: 271.7835pt x 266.93372pt.
[10]
Underfull \hbox (badness 7944) in paragraph at lines 45--45
[]|\OT1/cmr/m/n/12 mmWave; privacy-preserving,
 []


Underfull \hbox (badness 1748) in paragraph at lines 45--45
[]|\OT1/cmr/m/n/12 High-speed UART over USB
 []

File: Figures/RVlogoVecW.png Graphic file (type png)
<use Figures/RVlogoVecW.png>
Package pdftex.def Info: Figures/RVlogoVecW.png  used on input line 59.
(pdftex.def)             Requested size: 271.7835pt x 266.93372pt.
File: Figures/RVlogoVecW.png Graphic file (type png)
<use Figures/RVlogoVecW.png>
Package pdftex.def Info: Figures/RVlogoVecW.png  used on input line 59.
(pdftex.def)             Requested size: 271.7835pt x 266.93372pt.
[11]
Overfull \hbox (1.9057pt too wide) in paragraph at lines 66--66
[]\OT1/cmr/bx/n/17.28 Understanding Sen-sor Out-put: The JSON Frame 
 []


Overfull \hbox (6.75557pt too wide) in paragraph at lines 68--69
[]\OT1/cmr/m/n/12 Raw bi-nary teleme-try is trans-mit-ted at 921,600 baud over USB us-ing TLV (TypeLength-
 []


Underfull \hbox (badness 6927) in paragraph at lines 81--81
[]|\OT1/cmr/m/n/12 Variable-length list of de-tected
 []

File: Figures/RVlogoVecW.png Graphic file (type png)
<use Figures/RVlogoVecW.png>
Package pdftex.def Info: Figures/RVlogoVecW.png  used on input line 90.
(pdftex.def)             Requested size: 271.7835pt x 266.93372pt.
File: Figures/RVlogoVecW.png Graphic file (type png)
<use Figures/RVlogoVecW.png>
Package pdftex.def Info: Figures/RVlogoVecW.png  used on input line 90.
(pdftex.def)             Requested size: 271.7835pt x 266.93372pt.
[12]) (Chapter3/chapter3.tex
File: Figures/RVlogoVecW.png Graphic file (type png)
<use Figures/RVlogoVecW.png>
Package pdftex.def Info: Figures/RVlogoVecW.png  used on input line 1.
(pdftex.def)             Requested size: 271.7835pt x 266.93372pt.
File: Figures/RVlogoVecW.png Graphic file (type png)
<use Figures/RVlogoVecW.png>
Package pdftex.def Info: Figures/RVlogoVecW.png  used on input line 1.
(pdftex.def)             Requested size: 271.7835pt x 266.93372pt.
 [13]
Chapter 3.
File: Figures/RVlogoVecW.png Graphic file (type png)
<use Figures/RVlogoVecW.png>
Package pdftex.def Info: Figures/RVlogoVecW.png  used on input line 1.
(pdftex.def)             Requested size: 271.7835pt x 266.93372pt.
File: Figures/RVlogoVecW.png Graphic file (type png)
<use Figures/RVlogoVecW.png>
Package pdftex.def Info: Figures/RVlogoVecW.png  used on input line 1.
(pdftex.def)             Requested size: 271.7835pt x 266.93372pt.
[14


]
<Figures/flowchart_p14.png, id=546, 255.5949pt x 465.4188pt>
File: Figures/flowchart_p14.png Graphic file (type png)
<use Figures/flowchart_p14.png>
Package pdftex.def Info: Figures/flowchart_p14.png  used on input line 9.
(pdftex.def)             Requested size: 307.78485pt x 560.45271pt.
File: Figures/RVlogoVecW.png Graphic file (type png)
<use Figures/RVlogoVecW.png>
Package pdftex.def Info: Figures/RVlogoVecW.png  used on input line 36.
(pdftex.def)             Requested size: 271.7835pt x 266.93372pt.
File: Figures/RVlogoVecW.png Graphic file (type png)
<use Figures/RVlogoVecW.png>
Package pdftex.def Info: Figures/RVlogoVecW.png  used on input line 36.
(pdftex.def)             Requested size: 271.7835pt x 266.93372pt.
 [15]
File: Figures/RVlogoVecW.png Graphic file (type png)
<use Figures/RVlogoVecW.png>
Package pdftex.def Info: Figures/RVlogoVecW.png  used on input line 36.
(pdftex.def)             Requested size: 271.7835pt x 266.93372pt.
File: Figures/RVlogoVecW.png Graphic file (type png)
<use Figures/RVlogoVecW.png>
Package pdftex.def Info: Figures/RVlogoVecW.png  used on input line 36.
(pdftex.def)             Requested size: 271.7835pt x 266.93372pt.
 [16 <./Figures/flowchart_p14.png (PNG copy)>]
File: Figures/RVlogoVecW.png Graphic file (type png)
<use Figures/RVlogoVecW.png>
Package pdftex.def Info: Figures/RVlogoVecW.png  used on input line 56.
(pdftex.def)             Requested size: 271.7835pt x 266.93372pt.
File: Figures/RVlogoVecW.png Graphic file (type png)
<use Figures/RVlogoVecW.png>
Package pdftex.def Info: Figures/RVlogoVecW.png  used on input line 56.
(pdftex.def)             Requested size: 271.7835pt x 266.93372pt.
 [17]
Overfull \hbox (59.9697pt too wide) in paragraph at lines 63--64
[]\OT1/cmr/bx/n/12 Security Groups \OT1/cmr/m/n/12 (vir-tual fire-walls) re-strict in-bound traf-fic to only port 80 (HTTP/WebSocket)
 []


Overfull \hbox (17.5129pt too wide) in paragraph at lines 71--72
[]\OT1/cmr/bx/n/12 IAM In-stance Pro-file: \OT1/cmr/m/n/12 Grants the EC2 pro-cess per-mis-sion to call \OT1/cmtt/m/n/12 dynamodb:PutItem
 []

File: Figures/RVlogoVecW.png Graphic file (type png)
<use Figures/RVlogoVecW.png>
Package pdftex.def Info: Figures/RVlogoVecW.png  used on input line 73.
(pdftex.def)             Requested size: 271.7835pt x 266.93372pt.
File: Figures/RVlogoVecW.png Graphic file (type png)
<use Figures/RVlogoVecW.png>
Package pdftex.def Info: Figures/RVlogoVecW.png  used on input line 73.
(pdftex.def)             Requested size: 271.7835pt x 266.93372pt.
[18]
Overfull \hbox (19.96574pt too wide) in paragraph at lines 95--96
[]\OT1/cmr/bx/n/12 Schema-free: \OT1/cmr/m/n/12 No mi-gra-tion re-quired when new de-bug fields (e.g. \OT1/cmtt/m/n/12 z[]drop\OT1/cmr/m/n/12 , \OT1/cmtt/m/n/12 drop[]streak\OT1/cmr/m/n/12 )
 []

File: Figures/RVlogoVecW.png Graphic file (type png)
<use Figures/RVlogoVecW.png>
Package pdftex.def Info: Figures/RVlogoVecW.png  used on input line 96.
(pdftex.def)             Requested size: 271.7835pt x 266.93372pt.
File: Figures/RVlogoVecW.png Graphic file (type png)
<use Figures/RVlogoVecW.png>
Package pdftex.def Info: Figures/RVlogoVecW.png  used on input line 96.
(pdftex.def)             Requested size: 271.7835pt x 266.93372pt.
[19]
File: Figures/RVlogoVecW.png Graphic file (type png)
<use Figures/RVlogoVecW.png>
Package pdftex.def Info: Figures/RVlogoVecW.png  used on input line 117.
(pdftex.def)             Requested size: 271.7835pt x 266.93372pt.
File: Figures/RVlogoVecW.png Graphic file (type png)
<use Figures/RVlogoVecW.png>
Package pdftex.def Info: Figures/RVlogoVecW.png  used on input line 117.
(pdftex.def)             Requested size: 271.7835pt x 266.93372pt.
 [20]
Package microtype Info: Loading generic protrusion settings for font family
(microtype)             `cmtt' (encoding: TS1).
(microtype)             For optimal results, create family-specific settings.
(microtype)             See the microtype manual for details.

Overfull \hbox (52.19939pt too wide) in paragraph at lines 136--137
[]\OT1/cmr/bx/n/12 WebSocket prox-y-ing: \OT1/cmtt/m/n/12 proxy[]set[]header Upgrade \TS1/cmtt/m/n/12 $\OT1/cmtt/m/n/12 http[]upgrade \OT1/cmr/m/n/12 and \OT1/cmtt/m/n/12 proxy[]set[]header
 []

File: Figures/RVlogoVecW.png Graphic file (type png)
<use Figures/RVlogoVecW.png>
Package pdftex.def Info: Figures/RVlogoVecW.png  used on input line 139.
(pdftex.def)             Requested size: 271.7835pt x 266.93372pt.
File: Figures/RVlogoVecW.png Graphic file (type png)
<use Figures/RVlogoVecW.png>
Package pdftex.def Info: Figures/RVlogoVecW.png  used on input line 139.
(pdftex.def)             Requested size: 271.7835pt x 266.93372pt.
[21]
Underfull \hbox (badness 7907) in paragraph at lines 157--157
[]|\OT1/cmr/m/n/12 Region: ap-south-1; Elas-tic
 []


Underfull \hbox (badness 6477) in paragraph at lines 157--157
\OT1/cmr/m/n/12 IP; Se-cu-rity Group TCP/80,
 []


Underfull \hbox (badness 2050) in paragraph at lines 157--157
[]|\OT1/cmr/m/n/12 Table: radar[]events; PK: de-
 []

) (Chapter4/chapter4.tex
File: Figures/RVlogoVecW.png Graphic file (type png)
<use Figures/RVlogoVecW.png>
Package pdftex.def Info: Figures/RVlogoVecW.png  used on input line 1.
(pdftex.def)             Requested size: 271.7835pt x 266.93372pt.
File: Figures/RVlogoVecW.png Graphic file (type png)
<use Figures/RVlogoVecW.png>
Package pdftex.def Info: Figures/RVlogoVecW.png  used on input line 1.
(pdftex.def)             Requested size: 271.7835pt x 266.93372pt.
 [22]
Chapter 4.
File: Figures/RVlogoVecW.png Graphic file (type png)
<use Figures/RVlogoVecW.png>
Package pdftex.def Info: Figures/RVlogoVecW.png  used on input line 1.
(pdftex.def)             Requested size: 271.7835pt x 266.93372pt.
File: Figures/RVlogoVecW.png Graphic file (type png)
<use Figures/RVlogoVecW.png>
Package pdftex.def Info: Figures/RVlogoVecW.png  used on input line 1.
(pdftex.def)             Requested size: 271.7835pt x 266.93372pt.
[23


]
<Figures/flowchart_p17.png, id=593, 258.2448pt x 533.3526pt>
File: Figures/flowchart_p17.png Graphic file (type png)
<use Figures/flowchart_p17.png>
Package pdftex.def Info: Figures/flowchart_p17.png  used on input line 9.
(pdftex.def)             Requested size: 271.36205pt x 560.44366pt.
File: Figures/RVlogoVecW.png Graphic file (type png)
<use Figures/RVlogoVecW.png>
Package pdftex.def Info: Figures/RVlogoVecW.png  used on input line 41.
(pdftex.def)             Requested size: 271.7835pt x 266.93372pt.
File: Figures/RVlogoVecW.png Graphic file (type png)
<use Figures/RVlogoVecW.png>
Package pdftex.def Info: Figures/RVlogoVecW.png  used on input line 41.
(pdftex.def)             Requested size: 271.7835pt x 266.93372pt.
 [24]
File: Figures/RVlogoVecW.png Graphic file (type png)
<use Figures/RVlogoVecW.png>
Package pdftex.def Info: Figures/RVlogoVecW.png  used on input line 41.
(pdftex.def)             Requested size: 271.7835pt x 266.93372pt.
File: Figures/RVlogoVecW.png Graphic file (type png)
<use Figures/RVlogoVecW.png>
Package pdftex.def Info: Figures/RVlogoVecW.png  used on input line 41.
(pdftex.def)             Requested size: 271.7835pt x 266.93372pt.
 [25 <./Figures/flowchart_p17.png (PNG copy)>]
<Figures/fig3_ransac_calibration.png, id=605, 1019.9706pt x 333.4056pt>
File: Figures/fig3_ransac_calibration.png Graphic file (type png)
<use Figures/fig3_ransac_calibration.png>
Package pdftex.def Info: Figures/fig3_ransac_calibration.png  used on input line 55.
(pdftex.def)             Requested size: 452.9679pt x 148.0674pt.
File: Figures/RVlogoVecW.png Graphic file (type png)
<use Figures/RVlogoVecW.png>
Package pdftex.def Info: Figures/RVlogoVecW.png  used on input line 65.
(pdftex.def)             Requested size: 271.7835pt x 266.93372pt.
File: Figures/RVlogoVecW.png Graphic file (type png)
<use Figures/RVlogoVecW.png>
Package pdftex.def Info: Figures/RVlogoVecW.png  used on input line 65.
(pdftex.def)             Requested size: 271.7835pt x 266.93372pt.
 [26 <./Figures/fig3_ransac_calibration.png>]
<Figures/fig1_initial_merge.png, id=611, 803.1606pt x 522.2712pt>
File: Figures/fig1_initial_merge.png Graphic file (type png)
<use Figures/fig1_initial_merge.png>
Package pdftex.def Info: Figures/fig1_initial_merge.png  used on input line 85.
(pdftex.def)             Requested size: 362.37569pt x 235.64146pt.
File: Figures/RVlogoVecW.png Graphic file (type png)
<use Figures/RVlogoVecW.png>
Package pdftex.def Info: Figures/RVlogoVecW.png  used on input line 89.
(pdftex.def)             Requested size: 271.7835pt x 266.93372pt.
File: Figures/RVlogoVecW.png Graphic file (type png)
<use Figures/RVlogoVecW.png>
Package pdftex.def Info: Figures/RVlogoVecW.png  used on input line 89.
(pdftex.def)             Requested size: 271.7835pt x 266.93372pt.
 [27]
<Figures/fig2_fused_output.png, id=618, 1019.9706pt x 333.4056pt>
File: Figures/fig2_fused_output.png Graphic file (type png)
<use Figures/fig2_fused_output.png>
Package pdftex.def Info: Figures/fig2_fused_output.png  used on input line 102.
(pdftex.def)             Requested size: 362.37569pt x 118.45392pt.

Underfull \hbox (badness 2564) in paragraph at lines 127--127
[]|\OT1/cmr/m/n/12 Remove ghost/multipath points;
 []

File: Figures/RVlogoVecW.png Graphic file (type png)
<use Figures/RVlogoVecW.png>
Package pdftex.def Info: Figures/RVlogoVecW.png  used on input line 128.
(pdftex.def)             Requested size: 271.7835pt x 266.93372pt.
File: Figures/RVlogoVecW.png Graphic file (type png)
<use Figures/RVlogoVecW.png>
Package pdftex.def Info: Figures/RVlogoVecW.png  used on input line 128.
(pdftex.def)             Requested size: 271.7835pt x 266.93372pt.
[28 <./Figures/fig1_initial_merge.png> <./Figures/fig2_fused_output.png>]) (Chapter5/chapter5.tex
File: Figures/RVlogoVecW.png Graphic file (type png)
<use Figures/RVlogoVecW.png>
Package pdftex.def Info: Figures/RVlogoVecW.png  used on input line 1.
(pdftex.def)             Requested size: 271.7835pt x 266.93372pt.
File: Figures/RVlogoVecW.png Graphic file (type png)
<use Figures/RVlogoVecW.png>
Package pdftex.def Info: Figures/RVlogoVecW.png  used on input line 1.
(pdftex.def)             Requested size: 271.7835pt x 266.93372pt.
 [29]
Chapter 5.
File: Figures/RVlogoVecW.png Graphic file (type png)
<use Figures/RVlogoVecW.png>
Package pdftex.def Info: Figures/RVlogoVecW.png  used on input line 1.
(pdftex.def)             Requested size: 271.7835pt x 266.93372pt.
File: Figures/RVlogoVecW.png Graphic file (type png)
<use Figures/RVlogoVecW.png>
Package pdftex.def Info: Figures/RVlogoVecW.png  used on input line 1.
(pdftex.def)             Requested size: 271.7835pt x 266.93372pt.
[30


]
Underfull \hbox (badness 3612) in paragraph at lines 32--32
[]|\OT1/cmr/m/n/12 Mean Doppler ve-loc-ity
 []


Underfull \hbox (badness 10000) in paragraph at lines 32--32
[]|\OT1/cmr/m/n/12 Number of re-flec-tion
 []


Underfull \hbox (badness 10000) in paragraph at lines 32--32
[]|\OT1/cmr/m/n/12 Horizontal spread:
 []

File: Figures/RVlogoVecW.png Graphic file (type png)
<use Figures/RVlogoVecW.png>
Package pdftex.def Info: Figures/RVlogoVecW.png  used on input line 41.
(pdftex.def)             Requested size: 271.7835pt x 266.93372pt.
File: Figures/RVlogoVecW.png Graphic file (type png)
<use Figures/RVlogoVecW.png>
Package pdftex.def Info: Figures/RVlogoVecW.png  used on input line 41.
(pdftex.def)             Requested size: 271.7835pt x 266.93372pt.
[31]
File: Figures/RVlogoVecW.png Graphic file (type png)
<use Figures/RVlogoVecW.png>
Package pdftex.def Info: Figures/RVlogoVecW.png  used on input line 75.
(pdftex.def)             Requested size: 271.7835pt x 266.93372pt.
File: Figures/RVlogoVecW.png Graphic file (type png)
<use Figures/RVlogoVecW.png>
Package pdftex.def Info: Figures/RVlogoVecW.png  used on input line 75.
(pdftex.def)             Requested size: 271.7835pt x 266.93372pt.
 [32]
<Figures/flowchart_p24.png, id=641, 280.4076pt x 519.1395pt>
File: Figures/flowchart_p24.png Graphic file (type png)
<use Figures/flowchart_p24.png>
Package pdftex.def Info: Figures/flowchart_p24.png  used on input line 89.
(pdftex.def)             Requested size: 302.70305pt x 560.41673pt.
File: Figures/RVlogoVecW.png Graphic file (type png)
<use Figures/RVlogoVecW.png>
Package pdftex.def Info: Figures/RVlogoVecW.png  used on input line 117.
(pdftex.def)             Requested size: 271.7835pt x 266.93372pt.
File: Figures/RVlogoVecW.png Graphic file (type png)
<use Figures/RVlogoVecW.png>
Package pdftex.def Info: Figures/RVlogoVecW.png  used on input line 117.
(pdftex.def)             Requested size: 271.7835pt x 266.93372pt.
 [33]
File: Figures/RVlogoVecW.png Graphic file (type png)
<use Figures/RVlogoVecW.png>
Package pdftex.def Info: Figures/RVlogoVecW.png  used on input line 117.
(pdftex.def)             Requested size: 271.7835pt x 266.93372pt.
File: Figures/RVlogoVecW.png Graphic file (type png)
<use Figures/RVlogoVecW.png>
Package pdftex.def Info: Figures/RVlogoVecW.png  used on input line 117.
(pdftex.def)             Requested size: 271.7835pt x 266.93372pt.
 [34 <./Figures/flowchart_p24.png (PNG copy)>]
<Figures/fig9_iwr_awr_fusion.png, id=651, 837.8502pt x 333.4056pt>
File: Figures/fig9_iwr_awr_fusion.png Graphic file (type png)
<use Figures/fig9_iwr_awr_fusion.png>
Package pdftex.def Info: Figures/fig9_iwr_awr_fusion.png  used on input line 120.
(pdftex.def)             Requested size: 452.9679pt x 180.25pt.
File: Figures/RVlogoVecW.png Graphic file (type png)
<use Figures/RVlogoVecW.png>
Package pdftex.def Info: Figures/RVlogoVecW.png  used on input line 135.
(pdftex.def)             Requested size: 271.7835pt x 266.93372pt.
File: Figures/RVlogoVecW.png Graphic file (type png)
<use Figures/RVlogoVecW.png>
Package pdftex.def Info: Figures/RVlogoVecW.png  used on input line 135.
(pdftex.def)             Requested size: 271.7835pt x 266.93372pt.
 [35 <./Figures/fig9_iwr_awr_fusion.png>]
<Figures/fig3_dashboard1.png, id=657, 1444.64719pt x 750.55406pt>
File: Figures/fig3_dashboard1.png Graphic file (type png)
<use Figures/fig3_dashboard1.png>
Package pdftex.def Info: Figures/fig3_dashboard1.png  used on input line 140.
(pdftex.def)             Requested size: 452.9679pt x 235.33778pt.
) (Chapter6/chapter6.tex
File: Figures/RVlogoVecW.png Graphic file (type png)
<use Figures/RVlogoVecW.png>
Package pdftex.def Info: Figures/RVlogoVecW.png  used on input line 1.
(pdftex.def)             Requested size: 271.7835pt x 266.93372pt.
File: Figures/RVlogoVecW.png Graphic file (type png)
<use Figures/RVlogoVecW.png>
Package pdftex.def Info: Figures/RVlogoVecW.png  used on input line 1.
(pdftex.def)             Requested size: 271.7835pt x 266.93372pt.
 [36 <./Figures/fig3_dashboard1.png>]
Chapter 6.
File: Figures/RVlogoVecW.png Graphic file (type png)
<use Figures/RVlogoVecW.png>
Package pdftex.def Info: Figures/RVlogoVecW.png  used on input line 1.
(pdftex.def)             Requested size: 271.7835pt x 266.93372pt.
File: Figures/RVlogoVecW.png Graphic file (type png)
<use Figures/RVlogoVecW.png>
Package pdftex.def Info: Figures/RVlogoVecW.png  used on input line 1.
(pdftex.def)             Requested size: 271.7835pt x 266.93372pt.
[37


]
File: Figures/RVlogoVecW.png Graphic file (type png)
<use Figures/RVlogoVecW.png>
Package pdftex.def Info: Figures/RVlogoVecW.png  used on input line 43.
(pdftex.def)             Requested size: 271.7835pt x 266.93372pt.
File: Figures/RVlogoVecW.png Graphic file (type png)
<use Figures/RVlogoVecW.png>
Package pdftex.def Info: Figures/RVlogoVecW.png  used on input line 43.
(pdftex.def)             Requested size: 271.7835pt x 266.93372pt.
 [38]) (Chapter7/chapter7.tex
File: Figures/RVlogoVecW.png Graphic file (type png)
<use Figures/RVlogoVecW.png>
Package pdftex.def Info: Figures/RVlogoVecW.png  used on input line 1.
(pdftex.def)             Requested size: 271.7835pt x 266.93372pt.
File: Figures/RVlogoVecW.png Graphic file (type png)
<use Figures/RVlogoVecW.png>
Package pdftex.def Info: Figures/RVlogoVecW.png  used on input line 1.
(pdftex.def)             Requested size: 271.7835pt x 266.93372pt.
 [39]
Chapter 7.
File: Figures/RVlogoVecW.png Graphic file (type png)
<use Figures/RVlogoVecW.png>
Package pdftex.def Info: Figures/RVlogoVecW.png  used on input line 1.
(pdftex.def)             Requested size: 271.7835pt x 266.93372pt.
File: Figures/RVlogoVecW.png Graphic file (type png)
<use Figures/RVlogoVecW.png>
Package pdftex.def Info: Figures/RVlogoVecW.png  used on input line 1.
(pdftex.def)             Requested size: 271.7835pt x 266.93372pt.
[40


]
Overfull \hbox (14.97522pt too wide) in paragraph at lines 25--25
[]|\OT1/cmr/bx/n/12 SVD+RANSAC
 []

File: Figures/RVlogoVecW.png Graphic file (type png)
<use Figures/RVlogoVecW.png>
Package pdftex.def Info: Figures/RVlogoVecW.png  used on input line 55.
(pdftex.def)             Requested size: 271.7835pt x 266.93372pt.
File: Figures/RVlogoVecW.png Graphic file (type png)
<use Figures/RVlogoVecW.png>
Package pdftex.def Info: Figures/RVlogoVecW.png  used on input line 55.
(pdftex.def)             Requested size: 271.7835pt x 266.93372pt.
[41]
File: Figures/RVlogoVecW.png Graphic file (type png)
<use Figures/RVlogoVecW.png>
Package pdftex.def Info: Figures/RVlogoVecW.png  used on input line 96.
(pdftex.def)             Requested size: 271.7835pt x 266.93372pt.
File: Figures/RVlogoVecW.png Graphic file (type png)
<use Figures/RVlogoVecW.png>
Package pdftex.def Info: Figures/RVlogoVecW.png  used on input line 96.
(pdftex.def)             Requested size: 271.7835pt x 266.93372pt.
 [42]
File: Figures/fig3_dashboard1.png Graphic file (type png)
<use Figures/fig3_dashboard1.png>
Package pdftex.def Info: Figures/fig3_dashboard1.png  used on input line 102.
(pdftex.def)             Requested size: 452.9679pt x 235.33778pt.
File: Figures/RVlogoVecW.png Graphic file (type png)
<use Figures/RVlogoVecW.png>
Package pdftex.def Info: Figures/RVlogoVecW.png  used on input line 118.
(pdftex.def)             Requested size: 271.7835pt x 266.93372pt.
File: Figures/RVlogoVecW.png Graphic file (type png)
<use Figures/RVlogoVecW.png>
Package pdftex.def Info: Figures/RVlogoVecW.png  used on input line 118.
(pdftex.def)             Requested size: 271.7835pt x 266.93372pt.
 [43]
<Figures/frontend2.png, id=698, 1368.61313pt x 804.00375pt>
File: Figures/frontend2.png Graphic file (type png)
<use Figures/frontend2.png>
Package pdftex.def Info: Figures/frontend2.png  used on input line 121.
(pdftex.def)             Requested size: 452.9679pt x 266.09496pt.
File: Figures/RVlogoVecW.png Graphic file (type png)
<use Figures/RVlogoVecW.png>
Package pdftex.def Info: Figures/RVlogoVecW.png  used on input line 132.
(pdftex.def)             Requested size: 271.7835pt x 266.93372pt.
File: Figures/RVlogoVecW.png Graphic file (type png)
<use Figures/RVlogoVecW.png>
Package pdftex.def Info: Figures/RVlogoVecW.png  used on input line 132.
(pdftex.def)             Requested size: 271.7835pt x 266.93372pt.
 [44 <./Figures/frontend2.png>]
Underfull \hbox (badness 1590) in paragraph at lines 169--169
[]|\OT1/cmr/m/n/12 Sensor cap-ture to browser
 []

)
File: Figures/RVlogoVecW.png Graphic file (type png)
<use Figures/RVlogoVecW.png>
Package pdftex.def Info: Figures/RVlogoVecW.png  used on input line 181.
(pdftex.def)             Requested size: 271.7835pt x 266.93372pt.
File: Figures/RVlogoVecW.png Graphic file (type png)
<use Figures/RVlogoVecW.png>
Package pdftex.def Info: Figures/RVlogoVecW.png  used on input line 181.
(pdftex.def)             Requested size: 271.7835pt x 266.93372pt.
 [45] (Chapter8/chapter8.tex
File: Figures/RVlogoVecW.png Graphic file (type png)
<use Figures/RVlogoVecW.png>
Package pdftex.def Info: Figures/RVlogoVecW.png  used on input line 1.
(pdftex.def)             Requested size: 271.7835pt x 266.93372pt.
File: Figures/RVlogoVecW.png Graphic file (type png)
<use Figures/RVlogoVecW.png>
Package pdftex.def Info: Figures/RVlogoVecW.png  used on input line 1.
(pdftex.def)             Requested size: 271.7835pt x 266.93372pt.
 [46]
Chapter 8.
File: Figures/RVlogoVecW.png Graphic file (type png)
<use Figures/RVlogoVecW.png>
Package pdftex.def Info: Figures/RVlogoVecW.png  used on input line 1.
(pdftex.def)             Requested size: 271.7835pt x 266.93372pt.
File: Figures/RVlogoVecW.png Graphic file (type png)
<use Figures/RVlogoVecW.png>
Package pdftex.def Info: Figures/RVlogoVecW.png  used on input line 1.
(pdftex.def)             Requested size: 271.7835pt x 266.93372pt.
[47


]
Overfull \hbox (14.35016pt too wide) in paragraph at lines 18--19
[]\OT1/cmr/m/n/12 - \OT1/cmr/bx/n/12 Multi-Person De-tec-tion: \OT1/cmr/m/n/12 Per-person track seg-men-ta-tion us-ing `TLV\OT1/cmr/m/it/12 TRACK\OT1/cmr/m/n/12 INDEX`
 []

File: Figures/RVlogoVecW.png Graphic file (type png)
<use Figures/RVlogoVecW.png>
Package pdftex.def Info: Figures/RVlogoVecW.png  used on input line 27.
(pdftex.def)             Requested size: 271.7835pt x 266.93372pt.
File: Figures/RVlogoVecW.png Graphic file (type png)
<use Figures/RVlogoVecW.png>
Package pdftex.def Info: Figures/RVlogoVecW.png  used on input line 27.
(pdftex.def)             Requested size: 271.7835pt x 266.93372pt.
[48]) (Appendix/Apndx.tex
File: Figures/RVlogoVecW.png Graphic file (type png)
<use Figures/RVlogoVecW.png>
Package pdftex.def Info: Figures/RVlogoVecW.png  used on input line 1.
(pdftex.def)             Requested size: 271.7835pt x 266.93372pt.
File: Figures/RVlogoVecW.png Graphic file (type png)
<use Figures/RVlogoVecW.png>
Package pdftex.def Info: Figures/RVlogoVecW.png  used on input line 1.
(pdftex.def)             Requested size: 271.7835pt x 266.93372pt.
 [49]
Appendix A.
File: Figures/RVlogoVecW.png Graphic file (type png)
<use Figures/RVlogoVecW.png>
Package pdftex.def Info: Figures/RVlogoVecW.png  used on input line 1.
(pdftex.def)             Requested size: 271.7835pt x 266.93372pt.
File: Figures/RVlogoVecW.png Graphic file (type png)
<use Figures/RVlogoVecW.png>
Package pdftex.def Info: Figures/RVlogoVecW.png  used on input line 1.
(pdftex.def)             Requested size: 271.7835pt x 266.93372pt.
[50


]
LaTeX Font Info:    Font shape `OT1/cmtt/bx/n' in size <12> not available
(Font)              Font shape `OT1/cmtt/m/n' tried instead on input line 9.

Overfull \hbox (17.13399pt too wide) in paragraph at lines 9--10
[]\OT1/cmr/bx/n/12 Point Cloud (\OT1/cmtt/m/n/12 TLV[]POINT[]CLOUD\OT1/cmr/bx/n/12 ): \OT1/cmr/m/n/12 Ex-tracts the $\OML/cmm/m/it/12 X; Y; Z$ \OT1/cmr/m/n/12 Carte-sian co-or-di-nates, Doppler
 []

)
File: Figures/RVlogoVecW.png Graphic file (type png)
<use Figures/RVlogoVecW.png>
Package pdftex.def Info: Figures/RVlogoVecW.png  used on input line 189.
(pdftex.def)             Requested size: 271.7835pt x 266.93372pt.
File: Figures/RVlogoVecW.png Graphic file (type png)
<use Figures/RVlogoVecW.png>
Package pdftex.def Info: Figures/RVlogoVecW.png  used on input line 189.
(pdftex.def)             Requested size: 271.7835pt x 266.93372pt.
 [51]
File: Figures/RVlogoVecW.png Graphic file (type png)
<use Figures/RVlogoVecW.png>
Package pdftex.def Info: Figures/RVlogoVecW.png  used on input line 195.
(pdftex.def)             Requested size: 271.7835pt x 266.93372pt.
File: Figures/RVlogoVecW.png Graphic file (type png)
<use Figures/RVlogoVecW.png>
Package pdftex.def Info: Figures/RVlogoVecW.png  used on input line 195.
(pdftex.def)             Requested size: 271.7835pt x 266.93372pt.
 [52



]
File: Figures/RVlogoVecW.png Graphic file (type png)
<use Figures/RVlogoVecW.png>
Package pdftex.def Info: Figures/RVlogoVecW.png  used on input line 195.
(pdftex.def)             Requested size: 271.7835pt x 266.93372pt.
File: Figures/RVlogoVecW.png Graphic file (type png)
<use Figures/RVlogoVecW.png>
Package pdftex.def Info: Figures/RVlogoVecW.png  used on input line 195.
(pdftex.def)             Requested size: 271.7835pt x 266.93372pt.
 [53]
File: Figures/RVlogoVecW.png Graphic file (type png)
<use Figures/RVlogoVecW.png>
Package pdftex.def Info: Figures/RVlogoVecW.png  used on input line 198.
(pdftex.def)             Requested size: 271.7835pt x 266.93372pt.
File: Figures/RVlogoVecW.png Graphic file (type png)
<use Figures/RVlogoVecW.png>
Package pdftex.def Info: Figures/RVlogoVecW.png  used on input line 198.
(pdftex.def)             Requested size: 271.7835pt x 266.93372pt.
 [54] (New_IDP_Report.aux <Reading QR code for "https://drive.google.com/drive/folders/1Hb3RMCByL-FEbad4mX8AuX8Cj8I1Lwot?usp=sharing" at level 5-M from aux file.>
)
 ***********
LaTeX2e <2025-11-01>
L3 programming layer <2025-12-24>
 ***********
Package rerunfilecheck Info: File `New_IDP_Report.out' has not changed.
(rerunfilecheck)             Checksum: BBB1DB6E0B23E28201A5B4327498A769;15135.
Package logreq Info: Writing requests to 'New_IDP_Report.run.xml'.
\openout1 = `New_IDP_Report.run.xml'.

 ) 
Here is how much of TeX's memory you used:
 46887 strings out of 467871
 957672 string characters out of 5418377
 1903097 words of memory out of 5000000
 74908 multiletter control sequences out of 15000+600000
 640577 words of font info for 83 fonts, out of 8000000 for 9000
 1141 hyphenation exceptions out of 8191
 104i,16n,121p,2598b,2686s stack positions out of 10000i,1000n,20000p,200000b,200000s
 <C:\Users\chira\AppData\Local\MiKTeX\fonts/pk/ljfour/jknappen/ec/dpi600\tctt1200.pk> <C:\Users\chira\AppData\Local\MiKTeX\fonts/pk/ljfour/jknappen/ec/dpi600\tcrm1200.pk> <C:\Users\chira\AppData\Local\MiKTeX\fonts/pk/ljfour/jknappen/ec/dpi600\tcrm1095.pk> <C:\Users\chira\AppData\Local\MiKTeX\fonts/pk/ljfour/jknappen/ec/dpi600\tcbx1095.pk><C:/Users/chira/AppData/Local/Programs/MiKTeX/fonts/type1/public/amsfonts/cm/cmbx12.pfb><C:/Users/chira/AppData/Local/Programs/MiKTeX/fonts/type1/public/amsfonts/cm/cmbxti10.pfb><C:/Users/chira/AppData/Local/Programs/MiKTeX/fonts/type1/public/amsfonts/cm/cmex10.pfb><C:/Users/chira/AppData/Local/Programs/MiKTeX/fonts/type1/public/amsfonts/cm/cmmi12.pfb><C:/Users/chira/AppData/Local/Programs/MiKTeX/fonts/type1/public/amsfonts/cm/cmmi8.pfb><C:/Users/chira/AppData/Local/Programs/MiKTeX/fonts/type1/public/amsfonts/cm/cmr12.pfb><C:/Users/chira/AppData/Local/Programs/MiKTeX/fonts/type1/public/amsfonts/cm/cmr7.pfb><C:/Users/chira/AppData/Local/Programs/MiKTeX/fonts/type1/public/amsfonts/cm/cmr8.pfb><C:/Users/chira/AppData/Local/Programs/MiKTeX/fonts/type1/public/amsfonts/cm/cmssbx10.pfb><C:/Users/chira/AppData/Local/Programs/MiKTeX/fonts/type1/public/amsfonts/cm/cmsy10.pfb><C:/Users/chira/AppData/Local/Programs/MiKTeX/fonts/type1/public/amsfonts/cm/cmsy8.pfb><C:/Users/chira/AppData/Local/Programs/MiKTeX/fonts/type1/public/amsfonts/cm/cmti10.pfb><C:/Users/chira/AppData/Local/Programs/MiKTeX/fonts/type1/public/amsfonts/cm/cmti12.pfb><C:/Users/chira/AppData/Local/Programs/MiKTeX/fonts/type1/public/amsfonts/cm/cmtt12.pfb>
Output written on New_IDP_Report.pdf (64 pages, 4207752 bytes).
PDF statistics:
 905 PDF objects out of 1000 (max. 8388607)
 193 named destinations out of 1000 (max. 500000)
 15524 words of extra memory for PDF output out of 17280 (max. 10000000)

